Component: ARM Compiler 5.06 update 5 (build 528) Tool: armlink [4d35e2]

==============================================================================

Section Cross References

    startup_stm32h753xx.o(STACK) refers (Special) to heapauxi.o(.text) for __use_two_region_memory
    startup_stm32h753xx.o(HEAP) refers (Special) to heapauxi.o(.text) for __use_two_region_memory
    startup_stm32h753xx.o(RESET) refers (Special) to heapauxi.o(.text) for __use_two_region_memory
    startup_stm32h753xx.o(RESET) refers to startup_stm32h753xx.o(STACK) for __initial_sp
    startup_stm32h753xx.o(RESET) refers to startup_stm32h753xx.o(.text) for Reset_Handler
    startup_stm32h753xx.o(RESET) refers to stm32h7xx_it.o(i.NMI_Handler) for NMI_Handler
    startup_stm32h753xx.o(RESET) refers to stm32h7xx_it.o(i.HardFault_Handler) for HardFault_Handler
    startup_stm32h753xx.o(RESET) refers to stm32h7xx_it.o(i.MemManage_Handler) for MemManage_Handler
    startup_stm32h753xx.o(RESET) refers to stm32h7xx_it.o(i.BusFault_Handler) for BusFault_Handler
    startup_stm32h753xx.o(RESET) refers to stm32h7xx_it.o(i.UsageFault_Handler) for UsageFault_Handler
    startup_stm32h753xx.o(RESET) refers to stm32h7xx_it.o(i.SVC_Handler) for SVC_Handler
    startup_stm32h753xx.o(RESET) refers to stm32h7xx_it.o(i.DebugMon_Handler) for DebugMon_Handler
    startup_stm32h753xx.o(RESET) refers to stm32h7xx_it.o(i.PendSV_Handler) for PendSV_Handler
    startup_stm32h753xx.o(RESET) refers to stm32h7xx_it.o(i.SysTick_Handler) for SysTick_Handler
    startup_stm32h753xx.o(RESET) refers to stm32h7xx_it.o(i.I2C1_EV_IRQHandler) for I2C1_EV_IRQHandler
    startup_stm32h753xx.o(RESET) refers to stm32h7xx_it.o(i.I2C1_ER_IRQHandler) for I2C1_ER_IRQHandler
    startup_stm32h753xx.o(.text) refers (Special) to heapauxi.o(.text) for __use_two_region_memory
    startup_stm32h753xx.o(.text) refers to system_stm32h7xx.o(i.SystemInit) for SystemInit
    startup_stm32h753xx.o(.text) refers to __main.o(!!!main) for __main
    startup_stm32h753xx.o(.text) refers to startup_stm32h753xx.o(HEAP) for Heap_Mem
    startup_stm32h753xx.o(.text) refers to startup_stm32h753xx.o(STACK) for Stack_Mem
    main.o(i.Calculate_theta) refers to atan.o(i.__hardfp_atan) for __hardfp_atan
    main.o(i.Calculate_theta) refers to pow.o(i.__hardfp_pow) for __hardfp_pow
    main.o(i.Calculate_theta) refers to acos.o(i.__hardfp_acos) for __hardfp_acos
    main.o(i.Calculate_theta) refers to main.o(i.theta_to_char) for theta_to_char
    main.o(i.Calculate_theta) refers to main.o(i.send_message) for send_message
    main.o(i.MX_ETH_Init) refers to stm32h7xx_hal_eth.o(i.HAL_ETH_Init) for HAL_ETH_Init
    main.o(i.MX_ETH_Init) refers to rt_memclr_w.o(.text) for __aeabi_memclr4
    main.o(i.MX_ETH_Init) refers to main.o(.bss) for .bss
    main.o(i.MX_ETH_Init) refers to main.o(.data) for .data
    main.o(i.MX_ETH_Init) refers to main.o(.ARM.__AT_0x30040060) for .ARM.__AT_0x30040060
    main.o(i.MX_ETH_Init) refers to main.o(.ARM.__AT_0x30040000) for .ARM.__AT_0x30040000
    main.o(i.MX_GPIO_Init) refers to rt_memclr_w.o(.text) for __aeabi_memclr4
    main.o(i.MX_GPIO_Init) refers to stm32h7xx_hal_gpio.o(i.HAL_GPIO_WritePin) for HAL_GPIO_WritePin
    main.o(i.MX_GPIO_Init) refers to stm32h7xx_hal_gpio.o(i.HAL_GPIO_Init) for HAL_GPIO_Init
    main.o(i.MX_I2C1_Init) refers to stm32h7xx_hal_i2c.o(i.HAL_I2C_Init) for HAL_I2C_Init
    main.o(i.MX_I2C1_Init) refers to stm32h7xx_hal_i2c_ex.o(i.HAL_I2CEx_ConfigAnalogFilter) for HAL_I2CEx_ConfigAnalogFilter
    main.o(i.MX_I2C1_Init) refers to stm32h7xx_hal_i2c_ex.o(i.HAL_I2CEx_ConfigDigitalFilter) for HAL_I2CEx_ConfigDigitalFilter
    main.o(i.MX_I2C1_Init) refers to main.o(.bss) for .bss
    main.o(i.MX_USART1_UART_Init) refers to stm32h7xx_hal_uart.o(i.HAL_UART_Init) for HAL_UART_Init
    main.o(i.MX_USART1_UART_Init) refers to stm32h7xx_hal_uart_ex.o(i.HAL_UARTEx_SetTxFifoThreshold) for HAL_UARTEx_SetTxFifoThreshold
    main.o(i.MX_USART1_UART_Init) refers to stm32h7xx_hal_uart_ex.o(i.HAL_UARTEx_SetRxFifoThreshold) for HAL_UARTEx_SetRxFifoThreshold
    main.o(i.MX_USART1_UART_Init) refers to stm32h7xx_hal_uart_ex.o(i.HAL_UARTEx_DisableFifoMode) for HAL_UARTEx_DisableFifoMode
    main.o(i.MX_USART1_UART_Init) refers to main.o(.bss) for .bss
    main.o(i.MX_USART3_UART_Init) refers to stm32h7xx_hal_uart.o(i.HAL_UART_Init) for HAL_UART_Init
    main.o(i.MX_USART3_UART_Init) refers to stm32h7xx_hal_uart_ex.o(i.HAL_UARTEx_SetTxFifoThreshold) for HAL_UARTEx_SetTxFifoThreshold
    main.o(i.MX_USART3_UART_Init) refers to stm32h7xx_hal_uart_ex.o(i.HAL_UARTEx_SetRxFifoThreshold) for HAL_UARTEx_SetRxFifoThreshold
    main.o(i.MX_USART3_UART_Init) refers to stm32h7xx_hal_uart_ex.o(i.HAL_UARTEx_DisableFifoMode) for HAL_UARTEx_DisableFifoMode
    main.o(i.MX_USART3_UART_Init) refers to main.o(.bss) for .bss
    main.o(i.SystemClock_Config) refers to rt_memclr_w.o(.text) for __aeabi_memclr4
[...]
    i.MX_ETH_Init                            0x08004110   Section        0  main.o(i.MX_ETH_Init)
    MX_ETH_Init                              0x08004111   Thumb Code    88  main.o(i.MX_ETH_Init)
    i.MX_GPIO_Init                           0x0800417c   Section        0  main.o(i.MX_GPIO_Init)
    MX_GPIO_Init                             0x0800417d   Thumb Code   294  main.o(i.MX_GPIO_Init)
    i.MX_I2C1_Init                           0x080042c0   Section        0  main.o(i.MX_I2C1_Init)
    MX_I2C1_Init                             0x080042c1   Thumb Code    72  main.o(i.MX_I2C1_Init)
    i.MX_USART1_UART_Init                    0x08004314   Section        0  main.o(i.MX_USART1_UART_Init)
    MX_USART1_UART_Init                      0x08004315   Thumb Code    90  main.o(i.MX_USART1_UART_Init)
    i.MX_USART3_UART_Init                    0x08004378   Section        0  main.o(i.MX_USART3_UART_Init)
    MX_USART3_UART_Init                      0x08004379   Thumb Code    90  main.o(i.MX_USART3_UART_Init)
    i.MemManage_Handler                      0x080043dc   Section        0  stm32h7xx_it.o(i.MemManage_Handler)
    i.NMI_Handler                            0x080043de   Section        0  stm32h7xx_it.o(i.NMI_Handler)
    i.PendSV_Handler                         0x080043e0   Section        0  stm32h7xx_it.o(i.PendSV_Handler)
    i.RCCEx_PLL2_Config                      0x080043e4   Section        0  stm32h7xx_hal_rcc_ex.o(i.RCCEx_PLL2_Config)
    RCCEx_PLL2_Config                        0x080043e5   Thumb Code   284  stm32h7xx_hal_rcc_ex.o(i.RCCEx_PLL2_Config)
    i.RCCEx_PLL3_Config                      0x08004504   Section        0  stm32h7xx_hal_rcc_ex.o(i.RCCEx_PLL3_Config)
    RCCEx_PLL3_Config                        0x08004505   Thumb Code   284  stm32h7xx_hal_rcc_ex.o(i.RCCEx_PLL3_Config)
    i.SVC_Handler                            0x08004624   Section        0  stm32h7xx_it.o(i.SVC_Handler)
    i.SysTick_Handler                        0x08004626   Section        0  stm32h7xx_it.o(i.SysTick_Handler)
    i.SystemClock_Config                     0x0800462c   Section        0  main.o(i.SystemClock_Config)
    i.SystemInit                             0x080046b8   Section        0  system_stm32h7xx.o(i.SystemInit)
    i.UARTEx_SetNbDataToProcess              0x08004794   Section        0  stm32h7xx_hal_uart_ex.o(i.UARTEx_SetNbDataToProcess)
    UARTEx_SetNbDataToProcess                0x08004795   Thumb Code    62  stm32h7xx_hal_uart_ex.o(i.UARTEx_SetNbDataToProcess)
    i.UART_AdvFeatureConfig                  0x080047d8   Section        0  stm32h7xx_hal_uart.o(i.UART_AdvFeatureConfig)
    i.UART_CheckIdleState                    0x080048a0   Section        0  stm32h7xx_hal_uart.o(i.UART_CheckIdleState)
    i.UART_EndRxTransfer                     0x0800494c   Section        0  stm32h7xx_hal_uart.o(i.UART_EndRxTransfer)
    UART_EndRxTransfer                       0x0800494d   Thumb Code    78  stm32h7xx_hal_uart.o(i.UART_EndRxTransfer)
    i.UART_SetConfig                         0x080049a0   Section        0  stm32h7xx_hal_uart.o(i.UART_SetConfig)
    i.UART_WaitOnFlagUntilTimeout            0x08004d4c   Section        0  stm32h7xx_hal_uart.o(i.UART_WaitOnFlagUntilTimeout)
    i.UsageFault_Handler                     0x08004de0   Section        0  stm32h7xx_it.o(i.UsageFault_Handler)
    i.WIFI_INT                               0x08004de4   Section        0  main.o(i.WIFI_INT)
    i.__ARM_fpclassify                       0x08004f50   Section        0  fpclassify.o(i.__ARM_fpclassify)
    i.__NVIC_SetPriority                     0x08004f80   Section        0  stm32h7xx_hal_cortex.o(i.__NVIC_SetPriority)
    __NVIC_SetPriority                       0x08004f81   Thumb Code    34  stm32h7xx_hal_cortex.o(i.__NVIC_SetPriority)
    i.__hardfp_acos                          0x08004fa8   Section        0  acos.o(i.__hardfp_acos)
    i.__hardfp_atan                          0x080051c0   Section        0  atan.o(i.__hardfp_atan)
    i.__hardfp_pow                           0x080053c0   Section        0  pow.o(i.__hardfp_pow)
    i.__kernel_poly                          0x08005cb8   Section        0  poly.o(i.__kernel_poly)
    i.__mathlib_dbl_divzero                  0x08005d28   Section        0  dunder.o(i.__mathlib_dbl_divzero)
    i.__mathlib_dbl_infnan                   0x08005d48   Section        0  dunder.o(i.__mathlib_dbl_infnan)
    i.__mathlib_dbl_infnan2                  0x08005d4e   Section        0  dunder.o(i.__mathlib_dbl_infnan2)
    i.__mathlib_dbl_invalid                  0x08005d58   Section        0  dunder.o(i.__mathlib_dbl_invalid)
    i.__mathlib_dbl_overflow                 0x08005d70   Section        0  dunder.o(i.__mathlib_dbl_overflow)
    i.__mathlib_dbl_underflow                0x08005d88   Section        0  dunder.o(i.__mathlib_dbl_underflow)
    i._is_digit                              0x08005da0   Section        0  __printf_wp.o(i._is_digit)
    i.fabs                                   0x08005dae   Section        0  fabs.o(i.fabs)
    i.get_message                            0x08005dc8   Section        0  main.o(i.get_message)
    i.get_xy                                 0x08005df8   Section        0  main.o(i.get_xy)
    i.main                                   0x08005e8c   Section        0  main.o(i.main)
    i.send_message                           0x08006534   Section        0  main.o(i.send_message)
    i.sqrt                                   0x0800654c   Section        0  sqrt.o(i.sqrt)
    i.theta_to_char                          0x080065b8   Section        0  main.o(i.theta_to_char)
    locale$$code                             0x0800673c   Section       44  lc_ctype_c.o(locale$$code)
    x$fpl$dcheck1                            0x08006768   Section       16  dcheck1.o(x$fpl$dcheck1)
    $v0                                      0x08006768   Number         0  dcheck1.o(x$fpl$dcheck1)
    x$fpl$fpinit                             0x08006778   Section       10  fpinit.o(x$fpl$fpinit)
    $v0                                      0x08006778   Number         0  fpinit.o(x$fpl$fpinit)
    x$fpl$retnan                             0x08006782   Section      100  retnan.o(x$fpl$retnan)
    $v0                                      0x08006782   Number         0  retnan.o(x$fpl$retnan)
    x$fpl$scalbn                             0x080067e6   Section       92  scalbn.o(x$fpl$scalbn)
    $v0                                      0x080067e6   Number         0  scalbn.o(x$fpl$scalbn)
    x$fpl$trapveneer                         0x08006842   Section       48  trapv.o(x$fpl$trapveneer)
    $v0                                      0x08006842   Number         0  trapv.o(x$fpl$trapveneer)
    .constdata                               0x08006872   Section       24  stm32h7xx_hal_uart.o(.constdata)
    x$fpl$usenofp                            0x08006872   Section        0  usenofp.o(x$fpl$usenofp)
    .constdata                               0x0800688a   Section       16  stm32h7xx_hal_uart_ex.o(.constdata)
    numerator                                0x0800688a   Data           8  stm32h7xx_hal_uart_ex.o(.constdata)
    denominator                              0x08006892   Data           8  stm32h7xx_hal_uart_ex.o(.constdata)
    .constdata                               0x0800689a   Section       16  system_stm32h7xx.o(.constdata)
    .constdata                               0x080068b0   Section       80  acos.o(.constdata)
    pS                                       0x080068b0   Data          48  acos.o(.constdata)
    qS                                       0x080068e0   Data          32  acos.o(.constdata)
    .constdata                               0x08006900   Section      152  atan.o(.constdata)
    atanhi                                   0x08006900   Data          32  atan.o(.constdata)
    atanlo                                   0x08006920   Data          32  atan.o(.constdata)
    aTodd                                    0x08006940   Data          40  atan.o(.constdata)
    aTeven                                   0x08006968   Data          48  atan.o(.constdata)
    .constdata                               0x08006998   Section      136  pow.o(.constdata)
    bp                                       0x08006998   Data          16  pow.o(.constdata)
    dp_h                                     0x080069a8   Data          16  pow.o(.constdata)
    dp_l                                     0x080069b8   Data          16  pow.o(.constdata)
    L                                        0x080069c8   Data          48  pow.o(.constdata)
    P                                        0x080069f8   Data          40  pow.o(.constdata)
    .constdata                               0x08006a20   Section        8  qnan.o(.constdata)
    .conststring                             0x08006a28   Section      363  main.o(.conststring)
    locale$$data                             0x08006bb4   Section      272  lc_ctype_c.o(locale$$data)
    __lcctype_c_name                         0x08006bb8   Data           2  lc_ctype_c.o(locale$$data)
    __lcctype_c_start                        0x08006bc0   Data           0  lc_ctype_c.o(locale$$data)
    __lcctype_c_end                          0x08006cc4   Data           0  lc_ctype_c.o(locale$$data)
    .data                                    0x24000000   Section        6  main.o(.data)
    MACAddr                                  0x24000000   Data           6  main.o(.data)
    .data                                    0x24000008   Section       12  stm32h7xx_hal.o(.data)
    .data                                    0x24000014   Section        8  system_stm32h7xx.o(.data)
    .bss                                     0x2400001c   Section      652  main.o(.bss)
    rtData                                   0x2400001c   Data          20  main.o(.bss)
    sover                                    0x24000030   Data          20  main.o(.bss)
    .bss                                     0x240002a8   Section       96  libspace.o(.bss)
    HEAP                                     0x24000308   Section      512  startup_stm32h753xx.o(HEAP)
    Heap_Mem                                 0x24000308   Data         512  startup_stm32h753xx.o(HEAP)
    STACK                                    0x24000508   Section     1024  startup_stm32h753xx.o(STACK)
    Stack_Mem                                0x24000508   Data        1024  startup_stm32h753xx.o(STACK)
    __initial_sp                             0x24000908   Data           0  startup_stm32h753xx.o(STACK)
    .ARM.__AT_0x30040000                     0x30040000   Section       96  main.o(.ARM.__AT_0x30040000)
    .ARM.__AT_0x30040060                     0x30040060   Section       96  main.o(.ARM.__AT_0x30040060)

    Global Symbols

    Symbol Name                              Value     Ov Type        Size  Object(Section)

    BuildAttributes$$THM_ISAv4$E$P$D$K$B$S$7EM$VFPv5_D16$PE$PLD8$A:L22UL41UL21$X:L11$S22US41US21$IEEE1$IW$USESV6$~STKCKD$USESV7$~SHL$OTIME$ROPI$IEEEX$EBA8$UX$STANDARDLIB$REQ8$PRES8$EABIv2 0x00000000   Number         0  anon$$obj.o ABSOLUTE
    __ARM_use_no_argv                        0x00000000   Number         0  main.o ABSOLUTE
    _printf_flags                            0x00000000   Number         0  printf_stubs.o ABSOLUTE
    _printf_return_value                     0x00000000   Number         0  printf_stubs.o ABSOLUTE
    _printf_sizespec                         0x00000000   Number         0  printf_stubs.o ABSOLUTE
    _printf_widthprec                        0x00000000   Number         0  printf_stubs.o ABSOLUTE
    __ARM_exceptions_init                     - Undefined Weak Reference
    __alloca_initialize                       - Undefined Weak Reference
    __arm_preinit_                            - Undefined Weak Reference
    __cpp_initialize__aeabi_                  - Undefined Weak Reference
    __cxa_finalize                            - Undefined Weak Reference
    __sigvec_lookup                           - Undefined Weak Reference
    __user_heap_extent                        - Undefined Weak Reference
    _atexit_init                              - Undefined Weak Reference
    _call_atexit_fns                          - Undefined Weak Reference
    _clock_init                               - Undefined Weak Reference
    _fp_trap_init                             - Undefined Weak Reference
    _fp_trap_shutdown                         - Undefined Weak Reference
    _get_lc_collate                           - Undefined Weak Reference
    _get_lc_monetary                          - Undefined Weak Reference
    _get_lc_numeric                           - Undefined Weak Reference
    _get_lc_time                              - Undefined Weak Reference
    _getenv_init                              - Undefined Weak Reference
    _handle_redirection                       - Undefined Weak Reference
    _initio                                   - Undefined Weak Reference
    _mutex_acquire                            - Undefined Weak Reference
    _mutex_free                               - Undefined Weak Reference
    _mutex_release                            - Undefined Weak Reference
    _printf_mbtowc                            - Undefined Weak Reference
    _printf_post_padding                      - Undefined Weak Reference
    _printf_pre_padding                       - Undefined Weak Reference
    _printf_truncate_signed                   - Undefined Weak Reference
    _printf_truncate_unsigned                 - Undefined Weak Reference
    _rand_init                                - Undefined Weak Reference
    _signal_finish                            - Undefined Weak Reference
    _signal_init                              - Undefined Weak Reference
    _terminateio                              - Undefined Weak Reference
    __Vectors_Size                           0x00000298   Number         0  startup_stm32h753xx.o ABSOLUTE
    __Vectors                                0x08000000   Data           4  startup_stm32h753xx.o(RESET)
    __Vectors_End                            0x08000298   Data           0  startup_stm32h753xx.o(RESET)
    __main                                   0x08000299   Thumb Code     8  __main.o(!!!main)
    __scatterload                            0x080002a1   Thumb Code     0  __scatter.o(!!!scatter)
    __scatterload_rt2                        0x080002a1   Thumb Code    44  __scatter.o(!!!scatter)
    __scatterload_rt2_thumb_only             0x080002a1   Thumb Code     0  __scatter.o(!!!scatter)
    __scatterload_null                       0x080002af   Thumb Code     0  __scatter.o(!!!scatter)
    __scatterload_copy                       0x080002d5   Thumb Code    26  __scatter_copy.o(!!handler_copy)
    __scatterload_zeroinit                   0x080002f1   Thumb Code    28  __scatter_zi.o(!!handler_zi)
    _printf_d                                0x0800030d   Thumb Code     0  _printf_d.o(.ARM.Collect$$_printf_percent$$00000009)
    _printf_percent                          0x0800030d   Thumb Code     0  _printf_percent.o(.ARM.Collect$$_printf_percent$$00000000)
    _printf_c                                0x08000313   Thumb Code     0  _printf_c.o(.ARM.Collect$$_printf_percent$$00000013)
    _printf_s                                0x08000319   Thumb Code     0  _printf_s.o(.ARM.Collect$$_printf_percent$$00000014)
    _printf_percent_end                      0x0800031f   Thumb Code     0  _printf_percent_end.o(.ARM.Collect$$_printf_percent$$00000017)
    __rt_lib_init                            0x08000323   Thumb Code     0  libinit.o(.ARM.Collect$$libinit$$00000000)
    __rt_lib_init_fp_1                       0x08000325   Thumb Code     0  libinit2.o(.ARM.Collect$$libinit$$00000001)
    __rt_lib_init_heap_2                     0x08000329   Thumb Code     0  libinit2.o(.ARM.Collect$$libinit$$00000005)
    __rt_lib_init_preinit_1                  0x08000329   Thumb Code     0  libinit2.o(.ARM.Collect$$libinit$$00000004)
    __rt_lib_init_heap_1                     0x08000331   Thumb Code     0  libinit2.o(.ARM.Collect$$libinit$$0000000A)
    __rt_lib_init_lc_common                  0x08000331   Thumb Code     0  libinit2.o(.ARM.Collect$$libinit$$0000000F)
    __rt_lib_init_rand_1                     0x08000331   Thumb Code     0  libinit2.o(.ARM.Collect$$libinit$$0000000E)
    __rt_lib_init_user_alloc_1               0x08000331   Thumb Code     0  libinit2.o(.ARM.Collect$$libinit$$0000000C)
    __rt_lib_init_lc_collate_1               0x08000337   Thumb Code     0  libinit2.o(.ARM.Collect$$libinit$$00000011)
    __rt_lib_init_lc_ctype_2                 0x08000337   Thumb Code     0  libinit2.o(.ARM.Collect$$libinit$$00000012)
    __rt_lib_init_alloca_1                   0x08000343   Thumb Code     0  libinit2.o(.ARM.Collect$$libinit$$0000002E)
    __rt_lib_init_argv_1                     0x08000343   Thumb Code     0  libinit2.o(.ARM.Collect$$libinit$$0000002C)
    __rt_lib_init_atexit_1                   0x08000343   Thumb Code     0  libinit2.o(.ARM.Collect$$libinit$$0000001B)
    __rt_lib_init_clock_1                    0x08000343   Thumb Code     0  libinit2.o(.ARM.Collect$$libinit$$00000021)
    __rt_lib_init_cpp_1                      0x08000343   Thumb Code     0  libinit2.o(.ARM.Collect$$libinit$$00000032)
    __rt_lib_init_exceptions_1               0x08000343   Thumb Code     0  libinit2.o(.ARM.Collect$$libinit$$00000030)
    __rt_lib_init_fp_trap_1                  0x08000343   Thumb Code     0  libinit2.o(.ARM.Collect$$libinit$$0000001F)
    __rt_lib_init_getenv_1                   0x08000343   Thumb Code     0  libinit2.o(.ARM.Collect$$libinit$$00000023)
    __rt_lib_init_lc_ctype_1                 0x08000343   Thumb Code     0  libinit2.o(.ARM.Collect$$libinit$$00000013)
    __rt_lib_init_lc_monetary_1              0x08000343   Thumb Code     0  libinit2.o(.ARM.Collect$$libinit$$00000015)
    __rt_lib_init_lc_numeric_1               0x08000343   Thumb Code     0  libinit2.o(.ARM.Collect$$libinit$$00000017)
    __rt_lib_init_lc_time_1                  0x08000343   Thumb Code     0  libinit2.o(.ARM.Collect$$libinit$$00000019)
    __rt_lib_init_return                     0x08000343   Thumb Code     0  libinit2.o(.ARM.Collect$$libinit$$00000033)
    __rt_lib_init_signal_1                   0x08000343   Thumb Code     0  libinit2.o(.ARM.Collect$$libinit$$0000001D)
    __rt_lib_init_stdio_1                    0x08000343   Thumb Code     0  libinit2.o(.ARM.Collect$$libinit$$00000025)
    __rt_lib_shutdown                        0x08000345   Thumb Code     0  libshutdown.o(.ARM.Collect$$libshutdown$$00000000)
    __rt_lib_shutdown_cpp_1                  0x08000347   Thumb Code     0  libshutdown2.o(.ARM.Collect$$libshutdown$$00000002)
    __rt_lib_shutdown_fp_trap_1              0x08000347   Thumb Code     0  libshutdown2.o(.ARM.Collect$$libshutdown$$00000007)
    __rt_lib_shutdown_heap_1                 0x08000347   Thumb Code     0  libshutdown2.o(.ARM.Collect$$libshutdown$$0000000F)
    __rt_lib_shutdown_return                 0x08000347   Thumb Code     0  libshutdown2.o(.ARM.Collect$$libshutdown$$00000010)
    __rt_lib_shutdown_signal_1               0x08000347   Thumb Code     0  libshutdown2.o(.ARM.Collect$$libshutdown$$0000000A)
    __rt_lib_shutdown_stdio_1                0x08000347   Thumb Code     0  libshutdown2.o(.ARM.Collect$$libshutdown$$00000004)
    __rt_lib_shutdown_user_alloc_1           0x08000347   Thumb Code     0  libshutdown2.o(.ARM.Collect$$libshutdown$$0000000C)
    __rt_entry                               0x08000349   Thumb Code     0  __rtentry.o(.ARM.Collect$$rtentry$$00000000)
    __rt_entry_presh_1                       0x08000349   Thumb Code     0  __rtentry2.o(.ARM.Collect$$rtentry$$00000002)
    __rt_entry_sh                            0x08000349   Thumb Code     0  __rtentry4.o(.ARM.Collect$$rtentry$$00000004)
    __rt_entry_li                            0x0800034f   Thumb Code     0  __rtentry2.o(.ARM.Collect$$rtentry$$0000000A)
    __rt_entry_postsh_1                      0x0800034f   Thumb Code     0  __rtentry2.o(.ARM.Collect$$rtentry$$00000009)
    __rt_entry_main                          0x08000353   Thumb Code     0  __rtentry2.o(.ARM.Collect$$rtentry$$0000000D)
    __rt_entry_postli_1                      0x08000353   Thumb Code     0  __rtentry2.o(.ARM.Collect$$rtentry$$0000000C)
    __rt_exit                                0x0800035b   Thumb Code     0  rtexit.o(.ARM.Collect$$rtexit$$00000000)
    __rt_exit_ls                             0x0800035d   Thumb Code     0  rtexit2.o(.ARM.Collect$$rtexit$$00000003)
    __rt_exit_prels_1                        0x0800035d   Thumb Code     0  rtexit2.o(.ARM.Collect$$rtexit$$00000002)
    __rt_exit_exit                           0x08000361   Thumb Code     0  rtexit2.o(.ARM.Collect$$rtexit$$00000004)
    Reset_Handler                            0x08000369   Thumb Code     8  startup_stm32h753xx.o(.text)
    _maybe_terminate_alloc                   0x08000369   Thumb Code     0  maybetermalloc1.o(.emb_text)
    ADC3_IRQHandler                          0x08000383   Thumb Code     0  startup_stm32h753xx.o(.text)
    ADC_IRQHandler                           0x08000383   Thumb Code     0  startup_stm32h753xx.o(.text)
    BDMA_Channel0_IRQHandler                 0x08000383   Thumb Code     0  startup_stm32h753xx.o(.text)
    BDMA_Channel1_IRQHandler                 0x08000383   Thumb Code     0  startup_stm32h753xx.o(.text)
    BDMA_Channel2_IRQHandler                 0x08000383   Thumb Code     0  startup_stm32h753xx.o(.text)
    BDMA_Channel3_IRQHandler                 0x08000383   Thumb Code     0  startup_stm32h753xx.o(.text)
    BDMA_Channel4_IRQHandler                 0x08000383   Thumb Code     0  startup_stm32h753xx.o(.text)
    BDMA_Channel5_IRQHandler                 0x08000383   Thumb Code     0  startup_stm32h753xx.o(.text)
    BDMA_Channel6_IRQHandler                 0x08000383   Thumb Code     0  startup_stm32h753xx.o(.text)
    BDMA_Channel7_IRQHandler                 0x08000383   Thumb Code     0  startup_stm32h753xx.o(.text)
    CEC_IRQHandler                           0x08000383   Thumb Code     0  startup_stm32h753xx.o(.text)
    COMP1_IRQHandler                         0x08000383   Thumb Code     0  startup_stm32h753xx.o(.text)
    CRS_IRQHandler                           0x08000383   Thumb Code     0  startup_stm32h753xx.o(.text)
    CRYP_IRQHandler                          0x08000383   Thumb Code     0  startup_stm32h753xx.o(.text)
    DCMI_IRQHandler                          0x08000383   Thumb Code     0  startup_stm32h753xx.o(.text)
    DFSDM1_FLT0_IRQHandler                   0x08000383   Thumb Code     0  startup_stm32h753xx.o(.text)
    DFSDM1_FLT1_IRQHandler                   0x08000383   Thumb Code     0  startup_stm32h753xx.o(.text)
    DFSDM1_FLT2_IRQHandler                   0x08000383   Thumb Code     0  startup_stm32h753xx.o(.text)
    DFSDM1_FLT3_IRQHandler                   0x08000383   Thumb Code     0  startup_stm32h753xx.o(.text)
    DMA1_Stream0_IRQHandler                  0x08000383   Thumb Code     0  startup_stm32h753xx.o(.text)
    DMA1_Stream1_IRQHandler                  0x08000383   Thumb Code     0  startup_stm32h753xx.o(.text)
    DMA1_Stream2_IRQHandler                  0x08000383   Thumb Code     0  startup_stm32h753xx.o(.text)
    DMA1_Stream3_IRQHandler                  0x08000383   Thumb Code     0  startup_stm32h753xx.o(.text)
    DMA1_Stream4_IRQHandler                  0x08000383   Thumb Code     0  startup_stm32h753xx.o(.text)
    DMA1_Stream5_IRQHandler                  0x08000383   Thumb Code     0  startup_stm32h753xx.o(.text)
    DMA1_Stream6_IRQHandler                  0x08000383   Thumb Code     0  startup_stm32h753xx.o(.text)
    DMA1_Stream7_IRQHandler                  0x08000383   Thumb Code     0  startup_stm32h753xx.o(.text)
    DMA2D_IRQHandler                         0x08000383   Thumb Code     0  startup_stm32h753xx.o(.text)
    DMA2_Stream0_IRQHandler                  0x08000383   Thumb Code     0  startup_stm32h753xx.o(.text)
    DMA2_Stream1_IRQHandler                  0x08000383   Thumb Code     0  startup_stm32h753xx.o(.text)
    DMA2_Stream2_IRQHandler                  0x08000383   Thumb Code     0  startup_stm32h753xx.o(.text)
    DMA2_Stream3_IRQHandler                  0x08000383   Thumb Code     0  startup_stm32h753xx.o(.text)
    DMA2_Stream4_IRQHandler                  0x08000383   Thumb Code     0  startup_stm32h753xx.o(.text)
    DMA2_Stream5_IRQHandler                  0x08000383   Thumb Code     0  startup_stm32h753xx.o(.text)
    DMA2_Stream6_IRQHandler                  0x08000383   Thumb Code     0  startup_stm32h753xx.o(.text)
    DMA2_Stream7_IRQHandler                  0x08000383   Thumb Code     0  startup_stm32h753xx.o(.text)
    DMAMUX1_OVR_IRQHandler                   0x08000383   Thumb Code     0  startup_stm32h753xx.o(.text)
    DMAMUX2_OVR_IRQHandler                   0x08000383   Thumb Code     0  startup_stm32h753xx.o(.text)
    ECC_IRQHandler                           0x08000383   Thumb Code     0  startup_stm32h753xx.o(.text)
    ETH_IRQHandler                           0x08000383   Thumb Code     0  startup_stm32h753xx.o(.text)
    ETH_WKUP_IRQHandler                      0x08000383   Thumb Code     0  startup_stm32h753xx.o(.text)
    EXTI0_IRQHandler                         0x08000383   Thumb Code     0  startup_stm32h753xx.o(.text)
    EXTI15_10_IRQHandler                     0x08000383   Thumb Code     0  startup_stm32h753xx.o(.text)
    EXTI1_IRQHandler                         0x08000383   Thumb Code     0  startup_stm32h753xx.o(.text)
    EXTI2_IRQHandler                         0x08000383   Thumb Code     0  startup_stm32h753xx.o(.text)
    EXTI3_IRQHandler                         0x08000383   Thumb Code     0  startup_stm32h753xx.o(.text)
    EXTI4_IRQHandler                         0x08000383   Thumb Code     0  startup_stm32h753xx.o(.text)
    EXTI9_5_IRQHandler                       0x08000383   Thumb Code     0  startup_stm32h753xx.o(.text)
    FDCAN1_IT0_IRQHandler                    0x08000383   Thumb Code     0  startup_stm32h753xx.o(.text)
    FDCAN1_IT1_IRQHandler                    0x08000383   Thumb Code     0  startup_stm32h753xx.o(.text)
    FDCAN2_IT0_IRQHandler                    0x08000383   Thumb Code     0  startup_stm32h753xx.o(.text)
    FDCAN2_IT1_IRQHandler                    0x08000383   Thumb Code     0  startup_stm32h753xx.o(.text)
    FDCAN_CAL_IRQHandler                     0x08000383   Thumb Code     0  startup_stm32h753xx.o(.text)
    FLASH_IRQHandler                         0x08000383   Thumb Code     0  startup_stm32h753xx.o(.text)
    FMC_IRQHandler                           0x08000383   Thumb Code     0  startup_stm32h753xx.o(.text)
    FPU_IRQHandler                           0x08000383   Thumb Code     0  startup_stm32h753xx.o(.text)
    HASH_RNG_IRQHandler                      0x08000383   Thumb Code     0  startup_stm32h753xx.o(.text)
    HRTIM1_FLT_IRQHandler                    0x08000383   Thumb Code     0  startup_stm32h753xx.o(.text)
    HRTIM1_Master_IRQHandler                 0x08000383   Thumb Code     0  startup_stm32h753xx.o(.text)
    HRTIM1_TIMA_IRQHandler                   0x08000383   Thumb Code     0  startup_stm32h753xx.o(.text)
    HRTIM1_TIMB_IRQHandler                   0x08000383   Thumb Code     0  startup_stm32h753xx.o(.text)
    HRTIM1_TIMC_IRQHandler                   0x08000383   Thumb Code     0  startup_stm32h753xx.o(.text)
    HRTIM1_TIMD_IRQHandler                   0x08000383   Thumb Code     0  startup_stm32h753xx.o(.text)
    HRTIM1_TIME_IRQHandler                   0x08000383   Thumb Code     0  startup_stm32h753xx.o(.text)
    HSEM1_IRQHandler                         0x08000383   Thumb Code     0  startup_stm32h753xx.o(.text)
    I2C2_ER_IRQHandler                       0x08000383   Thumb Code     0  startup_stm32h753xx.o(.text)
    I2C2_EV_IRQHandler                       0x08000383   Thumb Code     0  startup_stm32h753xx.o(.text)
    I2C3_ER_IRQHandler                       0x08000383   Thumb Code     0  startup_stm32h753xx.o(.text)
    I2C3_EV_IRQHandler                       0x08000383   Thumb Code     0  startup_stm32h753xx.o(.text)
    I2C4_ER_IRQHandler                       0x08000383   Thumb Code     0  startup_stm32h753xx.o(.text)
    I2C4_EV_IRQHandler                       0x08000383   Thumb Code     0  startup_stm32h753xx.o(.text)
    JPEG_IRQHandler                          0x08000383   Thumb Code     0  startup_stm32h753xx.o(.text)
    LPTIM1_IRQHandler                        0x08000383   Thumb Code     0  startup_stm32h753xx.o(.text)
    LPTIM2_IRQHandler                        0x08000383   Thumb Code     0  startup_stm32h753xx.o(.text)
    LPTIM3_IRQHandler                        0x08000383   Thumb Code     0  startup_stm32h753xx.o(.text)
    LPTIM4_IRQHandler                        0x08000383   Thumb Code     0  startup_stm32h753xx.o(.text)
    LPTIM5_IRQHandler                        0x08000383   Thumb Code     0  startup_stm32h753xx.o(.text)
    LPUART1_IRQHandler                       0x08000383   Thumb Code     0  startup_stm32h753xx.o(.text)
    LTDC_ER_IRQHandler                       0x08000383   Thumb Code     0  startup_stm32h753xx.o(.text)
    LTDC_IRQHandler                          0x08000383   Thumb Code     0  startup_stm32h753xx.o(.text)
    MDIOS_IRQHandler                         0x08000383   Thumb Code     0  startup_stm32h753xx.o(.text)
    MDIOS_WKUP_IRQHandler                    0x08000383   Thumb Code     0  startup_stm32h753xx.o(.text)
    MDMA_IRQHandler                          0x08000383   Thumb Code     0  startup_stm32h753xx.o(.text)
    OTG_FS_EP1_IN_IRQHandler                 0x08000383   Thumb Code     0  startup_stm32h753xx.o(.text)
    OTG_FS_EP1_OUT_IRQHandler                0x08000383   Thumb Code     0  startup_stm32h753xx.o(.text)
    OTG_FS_IRQHandler                        0x08000383   Thumb Code     0  startup_stm32h753xx.o(.text)
    OTG_FS_WKUP_IRQHandler                   0x08000383   Thumb Code     0  startup_stm32h753xx.o(.text)
    OTG_HS_EP1_IN_IRQHandler                 0x08000383   Thumb Code     0  startup_stm32h753xx.o(.text)
    OTG_HS_EP1_OUT_IRQHandler                0x08000383   Thumb Code     0  startup_stm32h753xx.o(.text)
    OTG_HS_IRQHandler                        0x08000383   Thumb Code     0  startup_stm32h753xx.o(.text)
    OTG_HS_WKUP_IRQHandler                   0x08000383   Thumb Code     0  startup_stm32h753xx.o(.text)
    PVD_AVD_IRQHandler                       0x08000383   Thumb Code     0  startup_stm32h753xx.o(.text)
    QUADSPI_IRQHandler                       0x08000383   Thumb Code     0  startup_stm32h753xx.o(.text)
    RCC_IRQHandler                           0x08000383   Thumb Code     0  startup_stm32h753xx.o(.text)
    RTC_Alarm_IRQHandler                     0x08000383   Thumb Code     0  startup_stm32h753xx.o(.text)
    RTC_WKUP_IRQHandler                      0x08000383   Thumb Code     0  startup_stm32h753xx.o(.text)
    SAI1_IRQHandler                          0x08000383   Thumb Code     0  startup_stm32h753xx.o(.text)
    SAI2_IRQHandler                          0x08000383   Thumb Code     0  startup_stm32h753xx.o(.text)
    SAI3_IRQHandler                          0x08000383   Thumb Code     0  startup_stm32h753xx.o(.text)
    SAI4_IRQHandler                          0x08000383   Thumb Code     0  startup_stm32h753xx.o(.text)
    SDMMC1_IRQHandler                        0x08000383   Thumb Code     0  startup_stm32h753xx.o(.text)
    SDMMC2_IRQHandler                        0x08000383   Thumb Code     0  startup_stm32h753xx.o(.text)
    SPDIF_RX_IRQHandler                      0x08000383   Thumb Code     0  startup_stm32h753xx.o(.text)
    SPI1_IRQHandler                          0x08000383   Thumb Code     0  startup_stm32h753xx.o(.text)
    SPI2_IRQHandler                          0x08000383   Thumb Code     0  startup_stm32h753xx.o(.text)
    SPI3_IRQHandler                          0x08000383   Thumb Code     0  startup_stm32h753xx.o(.text)
    SPI4_IRQHandler                          0x08000383   Thumb Code     0  startup_stm32h753xx.o(.text)
    SPI5_IRQHandler                          0x08000383   Thumb Code     0  startup_stm32h753xx.o(.text)
    SPI6_IRQHandler                          0x08000383   Thumb Code     0  startup_stm32h753xx.o(.text)
    SWPMI1_IRQHandler                        0x08000383   Thumb Code     0  startup_stm32h753xx.o(.text)
    TAMP_STAMP_IRQHandler                    0x08000383   Thumb Code     0  startup_stm32h753xx.o(.text)
    TIM15_IRQHandler                         0x08000383   Thumb Code     0  startup_stm32h753xx.o(.text)
    TIM16_IRQHandler                         0x08000383   Thumb Code     0  startup_stm32h753xx.o(.text)
    TIM17_IRQHandler                         0x08000383   Thumb Code     0  startup_stm32h753xx.o(.text)
    TIM1_BRK_IRQHandler                      0x08000383   Thumb Code     0  startup_stm32h753xx.o(.text)
    TIM1_CC_IRQHandler                       0x08000383   Thumb Code     0  startup_stm32h753xx.o(.text)
    TIM1_TRG_COM_IRQHandler                  0x08000383   Thumb Code     0  startup_stm32h753xx.o(.text)
    TIM1_UP_IRQHandler                       0x08000383   Thumb Code     0  startup_stm32h753xx.o(.text)
    TIM2_IRQHandler                          0x08000383   Thumb Code     0  startup_stm32h753xx.o(.text)
    TIM3_IRQHandler                          0x08000383   Thumb Code     0  startup_stm32h753xx.o(.text)
    TIM4_IRQHandler                          0x08000383   Thumb Code     0  startup_stm32h753xx.o(.text)
    TIM5_IRQHandler                          0x08000383   Thumb Code     0  startup_stm32h753xx.o(.text)
    TIM6_DAC_IRQHandler                      0x08000383   Thumb Code     0  startup_stm32h753xx.o(.text)
    TIM7_IRQHandler                          0x08000383   Thumb Code     0  startup_stm32h753xx.o(.text)
    TIM8_BRK_TIM12_IRQHandler                0x08000383   Thumb Code     0  startup_stm32h753xx.o(.text)
    TIM8_CC_IRQHandler                       0x08000383   Thumb Code     0  startup_stm32h753xx.o(.text)
    TIM8_TRG_COM_TIM14_IRQHandler            0x08000383   Thumb Code     0  startup_stm32h753xx.o(.text)
    TIM8_UP_TIM13_IRQHandler                 0x08000383   Thumb Code     0  startup_stm32h753xx.o(.text)
    UART4_IRQHandler                         0x08000383   Thumb Code     0  startup_stm32h753xx.o(.text)
    UART5_IRQHandler                         0x08000383   Thumb Code     0  startup_stm32h753xx.o(.text)
    UART7_IRQHandler                         0x08000383   Thumb Code     0  startup_stm32h753xx.o(.text)
    UART8_IRQHandler                         0x08000383   Thumb Code     0  startup_stm32h753xx.o(.text)
    USART1_IRQHandler                        0x08000383   Thumb Code     0  startup_stm32h753xx.o(.text)
    USART2_IRQHandler                        0x08000383   Thumb Code     0  startup_stm32h753xx.o(.text)
    USART3_IRQHandler                        0x08000383   Thumb Code     0  startup_stm32h753xx.o(.text)
    USART6_IRQHandler                        0x08000383   Thumb Code     0  startup_stm32h753xx.o(.text)
    WAKEUP_PIN_IRQHandler                    0x08000383   Thumb Code     0  startup_stm32h753xx.o(.text)
    WWDG_IRQHandler                          0x08000383   Thumb Code     0  startup_stm32h753xx.o(.text)
    __user_initial_stackheap                 0x08000385   Thumb Code     0  startup_stm32h753xx.o(.text)
    malloc                                   0x080003a9   Thumb Code    94  h1_alloc.o(.text)
    free                                     0x08000407   Thumb Code    78  h1_free.o(.text)
    __aeabi_uldivmod                         0x08000455   Thumb Code     0  lludivv7m.o(.text)
    _ll_udiv                                 0x08000455   Thumb Code   238  lludivv7m.o(.text)
    __2sprintf                               0x08000545   Thumb Code    34  noretval__2sprintf.o(.text)
    __2snprintf                              0x0800056d   Thumb Code    48  noretval__2snprintf.o(.text)
    _printf_str                              0x080005a1   Thumb Code    82  _printf_str.o(.text)
    _printf_int_dec                          0x080005f5   Thumb Code   104  _printf_dec.o(.text)
    __printf                                 0x0800066d   Thumb Code   270  __printf_wp.o(.text)
    atoi                                     0x0800077b   Thumb Code    26  atoi.o(.text)
    strlen                                   0x08000795   Thumb Code    62  strlen.o(.text)
    __aeabi_memcpy4                          0x080007d3   Thumb Code     0  rt_memcpy_w.o(.text)
    __aeabi_memcpy8                          0x080007d3   Thumb Code     0  rt_memcpy_w.o(.text)
    __rt_memcpy_w                            0x080007d3   Thumb Code   100  rt_memcpy_w.o(.text)
    _memcpy_lastbytes_aligned                0x0800081b   Thumb Code     0  rt_memcpy_w.o(.text)
    __aeabi_memclr4                          0x08000837   Thumb Code     0  rt_memclr_w.o(.text)
    __aeabi_memclr8                          0x08000837   Thumb Code     0  rt_memclr_w.o(.text)
    __rt_memclr_w                            0x08000837   Thumb Code    78  rt_memclr_w.o(.text)
    _memset_w                                0x0800083b   Thumb Code     0  rt_memclr_w.o(.text)
    strncpy                                  0x08000885   Thumb Code    86  strncpy.o(.text)
    __use_two_region_memory                  0x080008db   Thumb Code     2  heapauxi.o(.text)
    __rt_heap_escrow                         0x080008dd   Thumb Code     2  heapauxi.o(.text)
    __rt_heap_expand                         0x080008df   Thumb Code     2  heapauxi.o(.text)
    __rt_heap_descriptor                     0x080008e1   Thumb Code     8  rt_heap_descriptor_intlibspace.o(.text)
    __aeabi_errno_addr                       0x080008e9   Thumb Code     8  rt_errno_addr_intlibspace.o(.text)
    __errno$intlibspace                      0x080008e9   Thumb Code     0  rt_errno_addr_intlibspace.o(.text)
    __rt_errno_addr$intlibspace              0x080008e9   Thumb Code     0  rt_errno_addr_intlibspace.o(.text)
    __use_no_heap                            0x080008f1   Thumb Code     2  hguard.o(.text)
    __heap$guard                             0x080008f3   Thumb Code     2  hguard.o(.text)
    _terminate_user_alloc                    0x080008f5   Thumb Code     2  init_alloc.o(.text)
    _init_user_alloc                         0x080008f7   Thumb Code     2  init_alloc.o(.text)
    __Heap_Full                              0x080008f9   Thumb Code    34  init_alloc.o(.text)
    __Heap_Broken                            0x0800091b   Thumb Code     6  init_alloc.o(.text)
    _init_alloc                              0x08000921   Thumb Code    94  init_alloc.o(.text)
    __Heap_Initialize                        0x0800097f   Thumb Code    10  h1_init.o(.text)
    __Heap_DescSize                          0x08000989   Thumb Code     4  h1_init.o(.text)
    __read_errno                             0x0800098d   Thumb Code    10  _rserrno.o(.text)
    __set_errno                              0x08000997   Thumb Code    12  _rserrno.o(.text)
    _printf_int_common                       0x080009a3   Thumb Code   178  _printf_intcommon.o(.text)
    _printf_char_common                      0x08000a5f   Thumb Code    32  _printf_char_common.o(.text)
    _sputc                                   0x08000a85   Thumb Code    10  _sputc.o(.text)
    _snputc                                  0x08000a8f   Thumb Code    16  _snputc.o(.text)
    _printf_cs_common                        0x08000a9f   Thumb Code    20  _printf_char.o(.text)
    _printf_char                             0x08000ab3   Thumb Code    16  _printf_char.o(.text)
    _printf_string                           0x08000ac3   Thumb Code     8  _printf_char.o(.text)
    strtol                                   0x08000acb   Thumb Code   112  strtol.o(.text)
    __aeabi_memclr                           0x08000b3b   Thumb Code     0  rt_memclr.o(.text)
    __rt_memclr                              0x08000b3b   Thumb Code    68  rt_memclr.o(.text)
    _memset                                  0x08000b3f   Thumb Code     0  rt_memclr.o(.text)
    __user_libspace                          0x08000b81   Thumb Code     8  libspace.o(.text)
    __user_perproc_libspace                  0x08000b81   Thumb Code     0  libspace.o(.text)
    __user_perthread_libspace                0x08000b81   Thumb Code     0  libspace.o(.text)
    __rt_ctype_table                         0x08000b89   Thumb Code    16  rt_ctype_table.o(.text)
    __Heap_ProvideMemory                     0x08000b99   Thumb Code    52  h1_extend.o(.text)
    _strtoul                                 0x08000bcd   Thumb Code   158  _strtoul.o(.text)
    __rt_SIGRTMEM                            0x08000c6b   Thumb Code    14  defsig_rtmem_outer.o(.text)
    __I$use$semihosting                      0x08000c79   Thumb Code     0  use_no_semi.o(.text)
    __use_no_semihosting_swi                 0x08000c79   Thumb Code     2  use_no_semi.o(.text)
    __semihosting_library_function           0x08000c7b   Thumb Code     0  indicate_semi.o(.text)
    __user_setup_stackheap                   0x08000c7b   Thumb Code    74  sys_stackheap_outer.o(.text)
    __rt_locale                              0x08000cc5   Thumb Code     8  rt_locale_intlibspace.o(.text)
    _chval                                   0x08000ccd   Thumb Code    28  _chval.o(.text)
    exit                                     0x08000ce9   Thumb Code    18  exit.o(.text)
    __sig_exit                               0x08000cfb   Thumb Code    10  defsig_exit.o(.text)
    __rt_SIGRTMEM_inner                      0x08000d05   Thumb Code    22  defsig_rtmem_inner.o(.text)
    _sys_exit                                0x08000d55   Thumb Code     8  sys_exit.o(.text)
    __default_signal_display                 0x08000d61   Thumb Code    50  defsig_general.o(.text)
    strcmp                                   0x08000d95   Thumb Code   104  strcmpv7m_pel.o(.text)
    _ttywrch                                 0x08000dfd   Thumb Code    14  sys_wrch.o(.text)
    BusFault_Handler                         0x08000e0b   Thumb Code     2  stm32h7xx_it.o(i.BusFault_Handler)
    Calculate_theta                          0x08000e0d   Thumb Code   520  main.o(i.Calculate_theta)
    DebugMon_Handler                         0x08001089   Thumb Code     2  stm32h7xx_it.o(i.DebugMon_Handler)
    Error_Handler                            0x080013c1   Thumb Code     4  main.o(i.Error_Handler)
    HAL_DMA_Abort_IT                         0x080013c5   Thumb Code   602  stm32h7xx_hal_dma.o(i.HAL_DMA_Abort_IT)
    HAL_DMA_GetState                         0x08001649   Thumb Code     6  stm32h7xx_hal_dma.o(i.HAL_DMA_GetState)
    HAL_Delay                                0x08001651   Thumb Code    32  stm32h7xx_hal.o(i.HAL_Delay)
    HAL_ETH_Init                             0x08001675   Thumb Code   438  stm32h7xx_hal_eth.o(i.HAL_ETH_Init)
    HAL_ETH_MspInit                          0x08001841   Thumb Code   232  stm32h7xx_hal_msp.o(i.HAL_ETH_MspInit)
    HAL_ETH_SetMDIOClockRange                0x08001941   Thumb Code    84  stm32h7xx_hal_eth.o(i.HAL_ETH_SetMDIOClockRange)
    HAL_GPIO_Init                            0x080019a9   Thumb Code   506  stm32h7xx_hal_gpio.o(i.HAL_GPIO_Init)
    HAL_GPIO_WritePin                        0x08001bd5   Thumb Code    10  stm32h7xx_hal_gpio.o(i.HAL_GPIO_WritePin)
    HAL_GetREVID                             0x08001be1   Thumb Code     8  stm32h7xx_hal.o(i.HAL_GetREVID)
    HAL_GetTick                              0x08001bed   Thumb Code     6  stm32h7xx_hal.o(i.HAL_GetTick)
    HAL_I2CEx_ConfigAnalogFilter             0x08001bf9   Thumb Code    88  stm32h7xx_hal_i2c_ex.o(i.HAL_I2CEx_ConfigAnalogFilter)
    HAL_I2CEx_ConfigDigitalFilter            0x08001c51   Thumb Code    84  stm32h7xx_hal_i2c_ex.o(i.HAL_I2CEx_ConfigDigitalFilter)
    HAL_I2C_AbortCpltCallback                0x08001ca5   Thumb Code     2  stm32h7xx_hal_i2c.o(i.HAL_I2C_AbortCpltCallback)
    HAL_I2C_AddrCallback                     0x08001ca7   Thumb Code     2  stm32h7xx_hal_i2c.o(i.HAL_I2C_AddrCallback)
    HAL_I2C_ER_IRQHandler                    0x08001ca9   Thumb Code   104  stm32h7xx_hal_i2c.o(i.HAL_I2C_ER_IRQHandler)
    HAL_I2C_EV_IRQHandler                    0x08001d11   Thumb Code    16  stm32h7xx_hal_i2c.o(i.HAL_I2C_EV_IRQHandler)
    HAL_I2C_ErrorCallback                    0x08001d21   Thumb Code     2  stm32h7xx_hal_i2c.o(i.HAL_I2C_ErrorCallback)
    HAL_I2C_Init                             0x08001d25   Thumb Code   186  stm32h7xx_hal_i2c.o(i.HAL_I2C_Init)
    HAL_I2C_ListenCpltCallback               0x08001de5   Thumb Code     2  stm32h7xx_hal_i2c.o(i.HAL_I2C_ListenCpltCallback)
    HAL_I2C_MspInit                          0x08001de9   Thumb Code   154  stm32h7xx_hal_msp.o(i.HAL_I2C_MspInit)
    HAL_I2C_SlaveRxCpltCallback              0x08001e91   Thumb Code     2  stm32h7xx_hal_i2c.o(i.HAL_I2C_SlaveRxCpltCallback)
    HAL_I2C_SlaveTxCpltCallback              0x08001e93   Thumb Code     2  stm32h7xx_hal_i2c.o(i.HAL_I2C_SlaveTxCpltCallback)
    HAL_IncTick                              0x08001e95   Thumb Code    12  stm32h7xx_hal.o(i.HAL_IncTick)
    HAL_Init                                 0x08001ea5   Thumb Code    74  stm32h7xx_hal.o(i.HAL_Init)
    HAL_InitTick                             0x08001f01   Thumb Code    56  stm32h7xx_hal.o(i.HAL_InitTick)
    HAL_MspInit                              0x08001f41   Thumb Code    22  stm32h7xx_hal_msp.o(i.HAL_MspInit)
    HAL_NVIC_EnableIRQ                       0x08001f5d   Thumb Code    26  stm32h7xx_hal_cortex.o(i.HAL_NVIC_EnableIRQ)
    HAL_NVIC_SetPriority                     0x08001f79   Thumb Code    60  stm32h7xx_hal_cortex.o(i.HAL_NVIC_SetPriority)
    HAL_NVIC_SetPriorityGrouping             0x08001fb9   Thumb Code    28  stm32h7xx_hal_cortex.o(i.HAL_NVIC_SetPriorityGrouping)
    HAL_PWREx_ConfigSupply                   0x08001fdd   Thumb Code    78  stm32h7xx_hal_pwr_ex.o(i.HAL_PWREx_ConfigSupply)
    HAL_RCCEx_GetD3PCLK1Freq                 0x08002031   Thumb Code    26  stm32h7xx_hal_rcc_ex.o(i.HAL_RCCEx_GetD3PCLK1Freq)
    HAL_RCCEx_GetPLL2ClockFreq               0x08002055   Thumb Code   296  stm32h7xx_hal_rcc_ex.o(i.HAL_RCCEx_GetPLL2ClockFreq)
    HAL_RCCEx_GetPLL3ClockFreq               0x08002199   Thumb Code   296  stm32h7xx_hal_rcc_ex.o(i.HAL_RCCEx_GetPLL3ClockFreq)
    HAL_RCCEx_PeriphCLKConfig                0x080022dd   Thumb Code  2472  stm32h7xx_hal_rcc_ex.o(i.HAL_RCCEx_PeriphCLKConfig)
    HAL_RCC_ClockConfig                      0x08002c89   Thumb Code   580  stm32h7xx_hal_rcc.o(i.HAL_RCC_ClockConfig)
    HAL_RCC_GetHCLKFreq                      0x08002ee5   Thumb Code    52  stm32h7xx_hal_rcc.o(i.HAL_RCC_GetHCLKFreq)
    HAL_RCC_GetPCLK1Freq                     0x08002f29   Thumb Code    26  stm32h7xx_hal_rcc.o(i.HAL_RCC_GetPCLK1Freq)
    HAL_RCC_GetPCLK2Freq                     0x08002f4d   Thumb Code    26  stm32h7xx_hal_rcc.o(i.HAL_RCC_GetPCLK2Freq)
    HAL_RCC_GetSysClockFreq                  0x08002f71   Thumb Code   278  stm32h7xx_hal_rcc.o(i.HAL_RCC_GetSysClockFreq)
    HAL_RCC_OscConfig                        0x080030a9   Thumb Code  1410  stm32h7xx_hal_rcc.o(i.HAL_RCC_OscConfig)
    HAL_SYSCFG_ETHInterfaceSelect            0x0800362d   Thumb Code    14  stm32h7xx_hal.o(i.HAL_SYSCFG_ETHInterfaceSelect)
    HAL_SYSTICK_Config                       0x08003641   Thumb Code    38  stm32h7xx_hal_cortex.o(i.HAL_SYSTICK_Config)
    HAL_UARTEx_DisableFifoMode               0x08003667   Thumb Code    64  stm32h7xx_hal_uart_ex.o(i.HAL_UARTEx_DisableFifoMode)
    HAL_UARTEx_SetRxFifoThreshold            0x080036a7   Thumb Code    76  stm32h7xx_hal_uart_ex.o(i.HAL_UARTEx_SetRxFifoThreshold)
    HAL_UARTEx_SetTxFifoThreshold            0x080036f3   Thumb Code    76  stm32h7xx_hal_uart_ex.o(i.HAL_UARTEx_SetTxFifoThreshold)
    HAL_UART_Init                            0x0800373f   Thumb Code   106  stm32h7xx_hal_uart.o(i.HAL_UART_Init)
    HAL_UART_MspInit                         0x080037a9   Thumb Code   234  stm32h7xx_hal_msp.o(i.HAL_UART_MspInit)
    HAL_UART_Receive                         0x080038a5   Thumb Code   232  stm32h7xx_hal_uart.o(i.HAL_UART_Receive)
    HAL_UART_Transmit                        0x0800398d   Thumb Code   176  stm32h7xx_hal_uart.o(i.HAL_UART_Transmit)
    HardFault_Handler                        0x08003a3d   Thumb Code     2  stm32h7xx_it.o(i.HardFault_Handler)
    I2C1_ER_IRQHandler                       0x08003a41   Thumb Code     6  stm32h7xx_it.o(i.I2C1_ER_IRQHandler)
    I2C1_EV_IRQHandler                       0x08003a4d   Thumb Code     6  stm32h7xx_it.o(i.I2C1_EV_IRQHandler)
    MemManage_Handler                        0x080043dd   Thumb Code     2  stm32h7xx_it.o(i.MemManage_Handler)
    NMI_Handler                              0x080043df   Thumb Code     2  stm32h7xx_it.o(i.NMI_Handler)
    PendSV_Handler                           0x080043e1   Thumb Code     2  stm32h7xx_it.o(i.PendSV_Handler)
    SVC_Handler                              0x08004625   Thumb Code     2  stm32h7xx_it.o(i.SVC_Handler)
    SysTick_Handler                          0x08004627   Thumb Code     4  stm32h7xx_it.o(i.SysTick_Handler)
    SystemClock_Config                       0x0800462d   Thumb Code   132  main.o(i.SystemClock_Config)
    SystemInit                               0x080046b9   Thumb Code   180  system_stm32h7xx.o(i.SystemInit)
    UART_AdvFeatureConfig                    0x080047d9   Thumb Code   200  stm32h7xx_hal_uart.o(i.UART_AdvFeatureConfig)
    UART_CheckIdleState                      0x080048a1   Thumb Code   170  stm32h7xx_hal_uart.o(i.UART_CheckIdleState)
    UART_SetConfig                           0x080049a1   Thumb Code   876  stm32h7xx_hal_uart.o(i.UART_SetConfig)
    UART_WaitOnFlagUntilTimeout              0x08004d4d   Thumb Code   148  stm32h7xx_hal_uart.o(i.UART_WaitOnFlagUntilTimeout)
    UsageFault_Handler                       0x08004de1   Thumb Code     2  stm32h7xx_it.o(i.UsageFault_Handler)
    WIFI_INT                                 0x08004de5   Thumb Code   202  main.o(i.WIFI_INT)
    __ARM_fpclassify                         0x08004f51   Thumb Code    48  fpclassify.o(i.__ARM_fpclassify)
    __hardfp_acos                            0x08004fa9   Thumb Code   422  acos.o(i.__hardfp_acos)
    __hardfp_atan                            0x080051c1   Thumb Code   402  atan.o(i.__hardfp_atan)
    __hardfp_pow                             0x080053c1   Thumb Code  2140  pow.o(i.__hardfp_pow)
    __kernel_poly                            0x08005cb9   Thumb Code   112  poly.o(i.__kernel_poly)
    __mathlib_dbl_divzero                    0x08005d29   Thumb Code    14  dunder.o(i.__mathlib_dbl_divzero)
    __mathlib_dbl_infnan                     0x08005d49   Thumb Code     6  dunder.o(i.__mathlib_dbl_infnan)
    __mathlib_dbl_infnan2                    0x08005d4f   Thumb Code     6  dunder.o(i.__mathlib_dbl_infnan2)
    __mathlib_dbl_invalid                    0x08005d59   Thumb Code    10  dunder.o(i.__mathlib_dbl_invalid)
    __mathlib_dbl_overflow                   0x08005d71   Thumb Code    10  dunder.o(i.__mathlib_dbl_overflow)
    __mathlib_dbl_underflow                  0x08005d89   Thumb Code    10  dunder.o(i.__mathlib_dbl_underflow)
    _is_digit                                0x08005da1   Thumb Code    14  __printf_wp.o(i._is_digit)
    fabs                                     0x08005daf   Thumb Code    24  fabs.o(i.fabs)
    get_message                              0x08005dc9   Thumb Code    40  main.o(i.get_message)
    get_xy                                   0x08005df9   Thumb Code   148  main.o(i.get_xy)
    main                                     0x08005e8d   Thumb Code  1664  main.o(i.main)
    send_message                             0x08006535   Thumb Code    18  main.o(i.send_message)
    sqrt                                     0x0800654d   Thumb Code   106  sqrt.o(i.sqrt)
    theta_to_char                            0x080065b9   Thumb Code   254  main.o(i.theta_to_char)
    _get_lc_ctype                            0x0800673d   Thumb Code    44  lc_ctype_c.o(locale$$code)
    __fpl_dcheck_NaN1                        0x08006769   Thumb Code    10  dcheck1.o(x$fpl$dcheck1)
    _fp_init                                 0x08006779   Thumb Code    10  fpinit.o(x$fpl$fpinit)
    __fplib_config_fpu_vfp                   0x08006781   Thumb Code     0  fpinit.o(x$fpl$fpinit)
    __fplib_config_pureend_doubles           0x08006781   Thumb Code     0  fpinit.o(x$fpl$fpinit)
    __fpl_return_NaN                         0x08006783   Thumb Code   100  retnan.o(x$fpl$retnan)
    __ARM_scalbn                             0x080067e7   Thumb Code    92  scalbn.o(x$fpl$scalbn)
    __fpl_cmpreturn                          0x08006843   Thumb Code    48  trapv.o(x$fpl$trapveneer)
    UARTPrescTable                           0x08006872   Data          24  stm32h7xx_hal_uart.o(.constdata)
    __I$use$fp                               0x08006872   Number         0  usenofp.o(x$fpl$usenofp)
    D1CorePrescTable                         0x0800689a   Data          16  system_stm32h7xx.o(.constdata)
    __mathlib_zero                           0x08006a20   Data           8  qnan.o(.constdata)
    Region$$Table$$Base                      0x08006b94   Number         0  anon$$obj.o(Region$$Table)
    Region$$Table$$Limit                     0x08006bb4   Number         0  anon$$obj.o(Region$$Table)
    __ctype                                  0x08006bc1   Data           0  lc_ctype_c.o(locale$$data)
    uwTickFreq                               0x24000008   Data           1  stm32h7xx_hal.o(.data)
    uwTickPrio                               0x2400000c   Data           4  stm32h7xx_hal.o(.data)
    uwTick                                   0x24000010   Data           4  stm32h7xx_hal.o(.data)
    SystemCoreClock                          0x24000014   Data           4  system_stm32h7xx.o(.data)
    SystemD2Clock                            0x24000018   Data           4  system_stm32h7xx.o(.data)
    TxConfig                                 0x24000044   Data          56  main.o(.bss)
    heth                                     0x2400007c   Data         176  main.o(.bss)
    hi2c1                                    0x2400012c   Data          84  main.o(.bss)
    huart1                                   0x24000180   Data         148  main.o(.bss)
    huart3                                   0x24000214   Data         148  main.o(.bss)
    __libspace_start                         0x240002a8   Data          96  libspace.o(.bss)
    __temporary_stack_top$libspace           0x24000308   Data           0  libspace.o(.bss)
    DMARxDscrTab                             0x30040000   Data          96  main.o(.ARM.__AT_0x30040000)
    DMATxDscrTab                             0x30040060   Data          96  main.o(.ARM.__AT_0x30040060)



==============================================================================

Memory Map of the image

  Image Entry point : 0x08000299

  Load Region LR_IROM1 (Base: 0x08000000, Size: 0x00006ce0, Max: 0x00200000, ABSOLUTE)

    Execution Region ER_IROM1 (Exec base: 0x08000000, Load base: 0x08000000, Size: 0x00006cc4, Max: 0x00200000, ABSOLUTE)

    Exec Addr    Load Addr    Size         Type   Attr      Idx    E Section Name        Object

    0x08000000   0x08000000   0x00000298   Data   RO            3    RESET               startup_stm32h753xx.o
    0x08000298   0x08000298   0x00000008   Code   RO         4003  * !!!main             c_w.l(__main.o)
    0x080002a0   0x080002a0   0x00000034   Code   RO         4342    !!!scatter          c_w.l(__scatter.o)
    0x080002d4   0x080002d4   0x0000001a   Code   RO         4344    !!handler_copy      c_w.l(__scatter_copy.o)
    0x080002ee   0x080002ee   0x00000002   PAD
    0x080002f0   0x080002f0   0x0000001c   Code   RO         4346    !!handler_zi        c_w.l(__scatter_zi.o)
    0x0800030c   0x0800030c   0x00000000   Code   RO         3990    .ARM.Collect$$_printf_percent$$00000000  c_w.l(_printf_percent.o)
    0x0800030c   0x0800030c   0x00000006   Code   RO         3989    .ARM.Collect$$_printf_percent$$00000009  c_w.l(_printf_d.o)
    0x08000312   0x08000312   0x00000006   Code   RO         3987    .ARM.Collect$$_printf_percent$$00000013  c_w.l(_printf_c.o)
    0x08000318   0x08000318   0x00000006   Code   RO         3988    .ARM.Collect$$_printf_percent$$00000014  c_w.l(_printf_s.o)
    0x0800031e   0x0800031e   0x00000004   Code   RO         4096    .ARM.Collect$$_printf_percent$$00000017  c_w.l(_printf_percent_end.o)
    0x08000322   0x08000322   0x00000002   Code   RO         4275    .ARM.Collect$$libinit$$00000000  c_w.l(libinit.o)
    0x08000324   0x08000324   0x00000004   Code   RO         4103    .ARM.Collect$$libinit$$00000001  c_w.l(libinit2.o)
    0x08000328   0x08000328   0x00000000   Code   RO         4106    .ARM.Collect$$libinit$$00000004  c_w.l(libinit2.o)
    0x08000328   0x08000328   0x00000008   Code   RO         4107    .ARM.Collect$$libinit$$00000005  c_w.l(libinit2.o)
    0x08000330   0x08000330   0x00000000   Code   RO         4109    .ARM.Collect$$libinit$$0000000A  c_w.l(libinit2.o)
    0x08000330   0x08000330   0x00000000   Code   RO         4111    .ARM.Collect$$libinit$$0000000C  c_w.l(libinit2.o)
    0x08000330   0x08000330   0x00000000   Code   RO         4113    .ARM.Collect$$libinit$$0000000E  c_w.l(libinit2.o)
    0x08000330   0x08000330   0x00000006   Code   RO         4114    .ARM.Collect$$libinit$$0000000F  c_w.l(libinit2.o)
    0x08000336   0x08000336   0x00000000   Code   RO         4116    .ARM.Collect$$libinit$$00000011  c_w.l(libinit2.o)
    0x08000336   0x08000336   0x0000000c   Code   RO         4117    .ARM.Collect$$libinit$$00000012  c_w.l(libinit2.o)
    0x08000342   0x08000342   0x00000000   Code   RO         4118    .ARM.Collect$$libinit$$00000013  c_w.l(libinit2.o)
    0x08000342   0x08000342   0x00000000   Code   RO         4120    .ARM.Collect$$libinit$$00000015  c_w.l(libinit2.o)
    0x08000342   0x08000342   0x00000000   Code   RO         4122    .ARM.Collect$$libinit$$00000017  c_w.l(libinit2.o)
    0x08000342   0x08000342   0x00000000   Code   RO         4124    .ARM.Collect$$libinit$$00000019  c_w.l(libinit2.o)
    0x08000342   0x08000342   0x00000000   Code   RO         4126    .ARM.Collect$$libinit$$0000001B  c_w.l(libinit2.o)
    0x08000342   0x08000342   0x00000000   Code   RO         4128    .ARM.Collect$$libinit$$0000001D  c_w.l(libinit2.o)
    0x08000342   0x08000342   0x00000000   Code   RO         4130    .ARM.Collect$$libinit$$0000001F  c_w.l(libinit2.o)
    0x08000342   0x08000342   0x00000000   Code   RO         4132    .ARM.Collect$$libinit$$00000021  c_w.l(libinit2.o)
    0x08000342   0x08000342   0x00000000   Code   RO         4134    .ARM.Collect$$libinit$$00000023  c_w.l(libinit2.o)
    0x08000342   0x08000342   0x00000000   Code   RO         4136    .ARM.Collect$$libinit$$00000025  c_w.l(libinit2.o)
    0x08000342   0x08000342   0x00000000   Code   RO         4140    .ARM.Collect$$libinit$$0000002C  c_w.l(libinit2.o)
    0x08000342   0x08000342   0x00000000   Code   RO         4142    .ARM.Collect$$libinit$$0000002E  c_w.l(libinit2.o)
    0x08000342   0x08000342   0x00000000   Code   RO         4144    .ARM.Collect$$libinit$$00000030  c_w.l(libinit2.o)
    0x08000342   0x08000342   0x00000000   Code   RO         4146    .ARM.Collect$$libinit$$00000032  c_w.l(libinit2.o)
    0x08000342   0x08000342   0x00000002   Code   RO         4147    .ARM.Collect$$libinit$$00000033  c_w.l(libinit2.o)
    0x08000344   0x08000344   0x00000002   Code   RO         4339    .ARM.Collect$$libshutdown$$00000000  c_w.l(libshutdown.o)
    0x08000346   0x08000346   0x00000000   Code   RO         4295    .ARM.Collect$$libshutdown$$00000002  c_w.l(libshutdown2.o)
    0x08000346   0x08000346   0x00000000   Code   RO         4297    .ARM.Collect$$libshutdown$$00000004  c_w.l(libshutdown2.o)
    0x08000346   0x08000346   0x00000000   Code   RO         4300    .ARM.Collect$$libshutdown$$00000007  c_w.l(libshutdown2.o)
    0x08000346   0x08000346   0x00000000   Code   RO         4303    .ARM.Collect$$libshutdown$$0000000A  c_w.l(libshutdown2.o)
    0x08000346   0x08000346   0x00000000   Code   RO         4305    .ARM.Collect$$libshutdown$$0000000C  c_w.l(libshutdown2.o)
    0x08000346   0x08000346   0x00000000   Code   RO         4308    .ARM.Collect$$libshutdown$$0000000F  c_w.l(libshutdown2.o)
    0x08000346   0x08000346   0x00000002   Code   RO         4309    .ARM.Collect$$libshutdown$$00000010  c_w.l(libshutdown2.o)
    0x08000348   0x08000348   0x00000000   Code   RO         4049    .ARM.Collect$$rtentry$$00000000  c_w.l(__rtentry.o)
    0x08000348   0x08000348   0x00000000   Code   RO         4194    .ARM.Collect$$rtentry$$00000002  c_w.l(__rtentry2.o)
    0x08000348   0x08000348   0x00000006   Code   RO         4206    .ARM.Collect$$rtentry$$00000004  c_w.l(__rtentry4.o)
    0x0800034e   0x0800034e   0x00000000   Code   RO         4196    .ARM.Collect$$rtentry$$00000009  c_w.l(__rtentry2.o)
    0x0800034e   0x0800034e   0x00000004   Code   RO         4197    .ARM.Collect$$rtentry$$0000000A  c_w.l(__rtentry2.o)
    0x08000352   0x08000352   0x00000000   Code   RO         4199    .ARM.Collect$$rtentry$$0000000C  c_w.l(__rtentry2.o)
    0x08000352   0x08000352   0x00000008   Code   RO         4200    .ARM.Collect$$rtentry$$0000000D  c_w.l(__rtentry2.o)
    0x0800035a   0x0800035a   0x00000002   Code   RO         4280    .ARM.Collect$$rtexit$$00000000  c_w.l(rtexit.o)
    0x0800035c   0x0800035c   0x00000000   Code   RO         4315    .ARM.Collect$$rtexit$$00000002  c_w.l(rtexit2.o)
    0x0800035c   0x0800035c   0x00000004   Code   RO         4316    .ARM.Collect$$rtexit$$00000003  c_w.l(rtexit2.o)
    0x08000360   0x08000360   0x00000006   Code   RO         4317    .ARM.Collect$$rtexit$$00000004  c_w.l(rtexit2.o)
    0x08000366   0x08000366   0x00000002   PAD
    0x08000368   0x08000368   0x00000000   Code   RO         4214    .emb_text           c_w.l(maybetermalloc1.o)
    0x08000368   0x08000368   0x00000040   Code   RO            4    .text               startup_stm32h753xx.o
    0x080003a8   0x080003a8   0x0000005e   Code   RO         3893    .text               c_w.l(h1_alloc.o)
    0x08000406   0x08000406   0x0000004e   Code   RO         3895    .text               c_w.l(h1_free.o)
    0x08000454   0x08000454   0x000000ee   Code   RO         3951    .text               c_w.l(lludivv7m.o)
    0x08000542   0x08000542   0x00000002   PAD
    0x08000544   0x08000544   0x00000028   Code   RO         3957    .text               c_w.l(noretval__2sprintf.o)
    0x0800056c   0x0800056c   0x00000034   Code   RO         3959    .text               c_w.l(noretval__2snprintf.o)
    0x080005a0   0x080005a0   0x00000052   Code   RO         3963    .text               c_w.l(_printf_str.o)
    0x080005f2   0x080005f2   0x00000002   PAD
    0x080005f4   0x080005f4   0x00000078   Code   RO         3965    .text               c_w.l(_printf_dec.o)
    0x0800066c   0x0800066c   0x0000010e   Code   RO         3975    .text               c_w.l(__printf_wp.o)
    0x0800077a   0x0800077a   0x0000001a   Code   RO         3991    .text               c_w.l(atoi.o)
    0x08000794   0x08000794   0x0000003e   Code   RO         3993    .text               c_w.l(strlen.o)
    0x080007d2   0x080007d2   0x00000064   Code   RO         3995    .text               c_w.l(rt_memcpy_w.o)
    0x08000836   0x08000836   0x0000004e   Code   RO         3997    .text               c_w.l(rt_memclr_w.o)
    0x08000884   0x08000884   0x00000056   Code   RO         3999    .text               c_w.l(strncpy.o)
    0x080008da   0x080008da   0x00000006   Code   RO         4001    .text               c_w.l(heapauxi.o)
    0x080008e0   0x080008e0   0x00000008   Code   RO         4057    .text               c_w.l(rt_heap_descriptor_intlibspace.o)
    0x080008e8   0x080008e8   0x00000008   Code   RO         4062    .text               c_w.l(rt_errno_addr_intlibspace.o)
    0x080008f0   0x080008f0   0x00000004   Code   RO         4064    .text               c_w.l(hguard.o)
    0x080008f4   0x080008f4   0x0000008a   Code   RO         4066    .text               c_w.l(init_alloc.o)
    0x0800097e   0x0800097e   0x0000000e   Code   RO         4070    .text               c_w.l(h1_init.o)
    0x0800098c   0x0800098c   0x00000016   Code   RO         4084    .text               c_w.l(_rserrno.o)
    0x080009a2   0x080009a2   0x000000b2   Code   RO         4086    .text               c_w.l(_printf_intcommon.o)
    0x08000a54   0x08000a54   0x00000030   Code   RO         4088    .text               c_w.l(_printf_char_common.o)
    0x08000a84   0x08000a84   0x0000000a   Code   RO         4090    .text               c_w.l(_sputc.o)
    0x08000a8e   0x08000a8e   0x00000010   Code   RO         4092    .text               c_w.l(_snputc.o)
    0x08000a9e   0x08000a9e   0x0000002c   Code   RO         4094    .text               c_w.l(_printf_char.o)
    0x08000aca   0x08000aca   0x00000070   Code   RO         4097    .text               c_w.l(strtol.o)
    0x08000b3a   0x08000b3a   0x00000044   Code   RO         4099    .text               c_w.l(rt_memclr.o)
    0x08000b7e   0x08000b7e   0x00000002   PAD
    0x08000b80   0x08000b80   0x00000008   Code   RO         4190    .text               c_w.l(libspace.o)
    0x08000b88   0x08000b88   0x00000010   Code   RO         4208    .text               c_w.l(rt_ctype_table.o)
    0x08000b98   0x08000b98   0x00000034   Code   RO         4216    .text               c_w.l(h1_extend.o)
    0x08000bcc   0x08000bcc   0x0000009e   Code   RO         4222    .text               c_w.l(_strtoul.o)
    0x08000c6a   0x08000c6a   0x0000000e   Code   RO         4224    .text               c_w.l(defsig_rtmem_outer.o)
    0x08000c78   0x08000c78   0x00000002   Code   RO         4237    .text               c_w.l(use_no_semi.o)
    0x08000c7a   0x08000c7a   0x00000000   Code   RO         4239    .text               c_w.l(indicate_semi.o)
    0x08000c7a   0x08000c7a   0x0000004a   Code   RO         4240    .text               c_w.l(sys_stackheap_outer.o)
    0x08000cc4   0x08000cc4   0x00000008   Code   RO         4247    .text               c_w.l(rt_locale_intlibspace.o)
    0x08000ccc   0x08000ccc   0x0000001c   Code   RO         4251    .text               c_w.l(_chval.o)
    0x08000ce8   0x08000ce8   0x00000012   Code   RO         4256    .text               c_w.l(exit.o)
    0x08000cfa   0x08000cfa   0x0000000a   Code   RO         4258    .text               c_w.l(defsig_exit.o)
    0x08000d04   0x08000d04   0x00000050   Code   RO         4264    .text               c_w.l(defsig_rtmem_inner.o)
    0x08000d54   0x08000d54   0x0000000c   Code   RO         4278    .text               c_w.l(sys_exit.o)
    0x08000d60   0x08000d60   0x00000032   Code   RO         4288    .text               c_w.l(defsig_general.o)
    0x08000d92   0x08000d92   0x00000002   PAD
    0x08000d94   0x08000d94   0x00000068   Code   RO         4292    .text               c_w.l(strcmpv7m_pel.o)
    0x08000dfc   0x08000dfc   0x0000000e   Code   RO         4312    .text               c_w.l(sys_wrch.o)
    0x08000e0a   0x08000e0a   0x00000002   Code   RO          241    i.BusFault_Handler  stm32h7xx_it.o
    0x08000e0c   0x08000e0c   0x0000027c   Code   RO           13    i.Calculate_theta   main.o
    0x08001088   0x08001088   0x00000002   Code   RO          242    i.DebugMon_Handler  stm32h7xx_it.o
    0x0800108a   0x0800108a   0x000000d8   Code   RO          542    i.ETH_MACDMAConfig  stm32h7xx_hal_eth.o
    0x08001162   0x08001162   0x00000002   PAD
    0x08001164   0x08001164   0x000000b4   Code   RO          544    i.ETH_SetDMAConfig  stm32h7xx_hal_eth.o
    0x08001218   0x08001218   0x000001a8   Code   RO          545    i.ETH_SetMACConfig  stm32h7xx_hal_eth.o
    0x080013c0   0x080013c0   0x00000004   Code   RO           14    i.Error_Handler     main.o
    0x080013c4   0x080013c4   0x00000284   Code   RO         1668    i.HAL_DMA_Abort_IT  stm32h7xx_hal_dma.o
    0x08001648   0x08001648   0x00000006   Code   RO         1671    i.HAL_DMA_GetState  stm32h7xx_hal_dma.o
    0x0800164e   0x0800164e   0x00000002   PAD
    0x08001650   0x08001650   0x00000024   Code   RO         2376    i.HAL_Delay         stm32h7xx_hal.o
    0x08001674   0x08001674   0x000001cc   Code   RO          562    i.HAL_ETH_Init      stm32h7xx_hal_eth.o
    0x08001840   0x08001840   0x00000100   Code   RO          330    i.HAL_ETH_MspInit   stm32h7xx_hal_msp.o
    0x08001940   0x08001940   0x00000068   Code   RO          579    i.HAL_ETH_SetMDIOClockRange  stm32h7xx_hal_eth.o
    0x080019a8   0x080019a8   0x0000022c   Code   RO         1515    i.HAL_GPIO_Init     stm32h7xx_hal_gpio.o
    0x08001bd4   0x08001bd4   0x0000000a   Code   RO         1519    i.HAL_GPIO_WritePin  stm32h7xx_hal_gpio.o
    0x08001bde   0x08001bde   0x00000002   PAD
    0x08001be0   0x08001be0   0x0000000c   Code   RO         2387    i.HAL_GetREVID      stm32h7xx_hal.o
    0x08001bec   0x08001bec   0x0000000c   Code   RO         2388    i.HAL_GetTick       stm32h7xx_hal.o
    0x08001bf8   0x08001bf8   0x00000058   Code   RO         3153    i.HAL_I2CEx_ConfigAnalogFilter  stm32h7xx_hal_i2c_ex.o
    0x08001c50   0x08001c50   0x00000054   Code   RO         3154    i.HAL_I2CEx_ConfigDigitalFilter  stm32h7xx_hal_i2c_ex.o
    0x08001ca4   0x08001ca4   0x00000002   Code   RO         2681    i.HAL_I2C_AbortCpltCallback  stm32h7xx_hal_i2c.o
    0x08001ca6   0x08001ca6   0x00000002   Code   RO         2682    i.HAL_I2C_AddrCallback  stm32h7xx_hal_i2c.o
    0x08001ca8   0x08001ca8   0x00000068   Code   RO         2685    i.HAL_I2C_ER_IRQHandler  stm32h7xx_hal_i2c.o
    0x08001d10   0x08001d10   0x00000010   Code   RO         2686    i.HAL_I2C_EV_IRQHandler  stm32h7xx_hal_i2c.o
    0x08001d20   0x08001d20   0x00000002   Code   RO         2688    i.HAL_I2C_ErrorCallback  stm32h7xx_hal_i2c.o
    0x08001d22   0x08001d22   0x00000002   PAD
    0x08001d24   0x08001d24   0x000000c0   Code   RO         2692    i.HAL_I2C_Init      stm32h7xx_hal_i2c.o
    0x08001de4   0x08001de4   0x00000002   Code   RO         2694    i.HAL_I2C_ListenCpltCallback  stm32h7xx_hal_i2c.o
    0x08001de6   0x08001de6   0x00000002   PAD
    0x08001de8   0x08001de8   0x000000a8   Code   RO          332    i.HAL_I2C_MspInit   stm32h7xx_hal_msp.o
    0x08001e90   0x08001e90   0x00000002   Code   RO         2718    i.HAL_I2C_SlaveRxCpltCallback  stm32h7xx_hal_i2c.o
    0x08001e92   0x08001e92   0x00000002   Code   RO         2719    i.HAL_I2C_SlaveTxCpltCallback  stm32h7xx_hal_i2c.o
    0x08001e94   0x08001e94   0x00000010   Code   RO         2394    i.HAL_IncTick       stm32h7xx_hal.o
    0x08001ea4   0x08001ea4   0x0000005c   Code   RO         2395    i.HAL_Init          stm32h7xx_hal.o
    0x08001f00   0x08001f00   0x00000040   Code   RO         2396    i.HAL_InitTick      stm32h7xx_hal.o
    0x08001f40   0x08001f40   0x0000001c   Code   RO          333    i.HAL_MspInit       stm32h7xx_hal_msp.o
    0x08001f5c   0x08001f5c   0x0000001a   Code   RO          397    i.HAL_NVIC_EnableIRQ  stm32h7xx_hal_cortex.o
    0x08001f76   0x08001f76   0x00000002   PAD
    0x08001f78   0x08001f78   0x00000040   Code   RO          403    i.HAL_NVIC_SetPriority  stm32h7xx_hal_cortex.o
    0x08001fb8   0x08001fb8   0x00000024   Code   RO          404    i.HAL_NVIC_SetPriorityGrouping  stm32h7xx_hal_cortex.o
    0x08001fdc   0x08001fdc   0x00000054   Code   RO         2116    i.HAL_PWREx_ConfigSupply  stm32h7xx_hal_pwr_ex.o
    0x08002030   0x08002030   0x00000024   Code   RO         1136    i.HAL_RCCEx_GetD3PCLK1Freq  stm32h7xx_hal_rcc_ex.o
    0x08002054   0x08002054   0x00000144   Code   RO         1138    i.HAL_RCCEx_GetPLL2ClockFreq  stm32h7xx_hal_rcc_ex.o
    0x08002198   0x08002198   0x00000144   Code   RO         1139    i.HAL_RCCEx_GetPLL3ClockFreq  stm32h7xx_hal_rcc_ex.o
    0x080022dc   0x080022dc   0x000009ac   Code   RO         1145    i.HAL_RCCEx_PeriphCLKConfig  stm32h7xx_hal_rcc_ex.o
    0x08002c88   0x08002c88   0x0000025c   Code   RO         1021    i.HAL_RCC_ClockConfig  stm32h7xx_hal_rcc.o
    0x08002ee4   0x08002ee4   0x00000044   Code   RO         1026    i.HAL_RCC_GetHCLKFreq  stm32h7xx_hal_rcc.o
    0x08002f28   0x08002f28   0x00000024   Code   RO         1028    i.HAL_RCC_GetPCLK1Freq  stm32h7xx_hal_rcc.o
    0x08002f4c   0x08002f4c   0x00000024   Code   RO         1029    i.HAL_RCC_GetPCLK2Freq  stm32h7xx_hal_rcc.o
    0x08002f70   0x08002f70   0x00000138   Code   RO         1030    i.HAL_RCC_GetSysClockFreq  stm32h7xx_hal_rcc.o
    0x080030a8   0x080030a8   0x00000582   Code   RO         1033    i.HAL_RCC_OscConfig  stm32h7xx_hal_rcc.o
    0x0800362a   0x0800362a   0x00000002   PAD
    0x0800362c   0x0800362c   0x00000014   Code   RO         2407    i.HAL_SYSCFG_ETHInterfaceSelect  stm32h7xx_hal.o
    0x08003640   0x08003640   0x00000026   Code   RO          408    i.HAL_SYSTICK_Config  stm32h7xx_hal_cortex.o
    0x08003666   0x08003666   0x00000040   Code   RO         3735    i.HAL_UARTEx_DisableFifoMode  stm32h7xx_hal_uart_ex.o
    0x080036a6   0x080036a6   0x0000004c   Code   RO         3744    i.HAL_UARTEx_SetRxFifoThreshold  stm32h7xx_hal_uart_ex.o
    0x080036f2   0x080036f2   0x0000004c   Code   RO         3745    i.HAL_UARTEx_SetTxFifoThreshold  stm32h7xx_hal_uart_ex.o
    0x0800373e   0x0800373e   0x0000006a   Code   RO         3344    i.HAL_UART_Init     stm32h7xx_hal_uart.o
    0x080037a8   0x080037a8   0x000000fc   Code   RO          335    i.HAL_UART_MspInit  stm32h7xx_hal_msp.o
    0x080038a4   0x080038a4   0x000000e8   Code   RO         3347    i.HAL_UART_Receive  stm32h7xx_hal_uart.o
    0x0800398c   0x0800398c   0x000000b0   Code   RO         3353    i.HAL_UART_Transmit  stm32h7xx_hal_uart.o
    0x08003a3c   0x08003a3c   0x00000002   Code   RO          243    i.HardFault_Handler  stm32h7xx_it.o
    0x08003a3e   0x08003a3e   0x00000002   PAD
    0x08003a40   0x08003a40   0x0000000c   Code   RO          244    i.I2C1_ER_IRQHandler  stm32h7xx_it.o
    0x08003a4c   0x08003a4c   0x0000000c   Code   RO          245    i.I2C1_EV_IRQHandler  stm32h7xx_it.o
    0x08003a58   0x08003a58   0x00000014   Code   RO         2731    i.I2C_DMAAbort      stm32h7xx_hal_i2c.o
    0x08003a6c   0x08003a6c   0x00000060   Code   RO         2737    i.I2C_Disable_IRQ   stm32h7xx_hal_i2c.o
    0x08003acc   0x08003acc   0x00000022   Code   RO         2739    i.I2C_Flush_TXDR    stm32h7xx_hal_i2c.o
    0x08003aee   0x08003aee   0x00000094   Code   RO         2740    i.I2C_ITAddrCplt    stm32h7xx_hal_i2c.o
    0x08003b82   0x08003b82   0x00000002   PAD
    0x08003b84   0x08003b84   0x00000120   Code   RO         2741    i.I2C_ITError       stm32h7xx_hal_i2c.o
    0x08003ca4   0x08003ca4   0x00000064   Code   RO         2742    i.I2C_ITListenCplt  stm32h7xx_hal_i2c.o
    0x08003d08   0x08003d08   0x00000250   Code   RO         2745    i.I2C_ITSlaveCplt   stm32h7xx_hal_i2c.o
    0x08003f58   0x08003f58   0x00000072   Code   RO         2746    i.I2C_ITSlaveSeqCplt  stm32h7xx_hal_i2c.o
    0x08003fca   0x08003fca   0x00000002   PAD
    0x08003fcc   0x08003fcc   0x00000118   Code   RO         2755    i.I2C_Slave_ISR_IT  stm32h7xx_hal_i2c.o
    0x080040e4   0x080040e4   0x0000002a   Code   RO         2757    i.I2C_TreatErrorCallback  stm32h7xx_hal_i2c.o
    0x0800410e   0x0800410e   0x00000002   PAD
    0x08004110   0x08004110   0x0000006c   Code   RO           15    i.MX_ETH_Init       main.o
    0x0800417c   0x0800417c   0x00000144   Code   RO           16    i.MX_GPIO_Init      main.o
    0x080042c0   0x080042c0   0x00000054   Code   RO           17    i.MX_I2C1_Init      main.o
    0x08004314   0x08004314   0x00000064   Code   RO           18    i.MX_USART1_UART_Init  main.o
    0x08004378   0x08004378   0x00000064   Code   RO           19    i.MX_USART3_UART_Init  main.o
    0x080043dc   0x080043dc   0x00000002   Code   RO          246    i.MemManage_Handler  stm32h7xx_it.o
    0x080043de   0x080043de   0x00000002   Code   RO          247    i.NMI_Handler       stm32h7xx_it.o
    0x080043e0   0x080043e0   0x00000002   Code   RO          248    i.PendSV_Handler    stm32h7xx_it.o
    0x080043e2   0x080043e2   0x00000002   PAD
    0x080043e4   0x080043e4   0x00000120   Code   RO         1148    i.RCCEx_PLL2_Config  stm32h7xx_hal_rcc_ex.o
    0x08004504   0x08004504   0x00000120   Code   RO         1149    i.RCCEx_PLL3_Config  stm32h7xx_hal_rcc_ex.o
    0x08004624   0x08004624   0x00000002   Code   RO          249    i.SVC_Handler       stm32h7xx_it.o
    0x08004626   0x08004626   0x00000004   Code   RO          250    i.SysTick_Handler   stm32h7xx_it.o
    0x0800462a   0x0800462a   0x00000002   PAD
    0x0800462c   0x0800462c   0x0000008c   Code   RO           20    i.SystemClock_Config  main.o
    0x080046b8   0x080046b8   0x000000dc   Code   RO         3854    i.SystemInit        system_stm32h7xx.o
    0x08004794   0x08004794   0x00000044   Code   RO         3749    i.UARTEx_SetNbDataToProcess  stm32h7xx_hal_uart_ex.o
    0x080047d8   0x080047d8   0x000000c8   Code   RO         3358    i.UART_AdvFeatureConfig  stm32h7xx_hal_uart.o
    0x080048a0   0x080048a0   0x000000aa   Code   RO         3359    i.UART_CheckIdleState  stm32h7xx_hal_uart.o
    0x0800494a   0x0800494a   0x00000002   PAD
    0x0800494c   0x0800494c   0x00000054   Code   RO         3370    i.UART_EndRxTransfer  stm32h7xx_hal_uart.o
    0x080049a0   0x080049a0   0x000003ac   Code   RO         3376    i.UART_SetConfig    stm32h7xx_hal_uart.o
    0x08004d4c   0x08004d4c   0x00000094   Code   RO         3383    i.UART_WaitOnFlagUntilTimeout  stm32h7xx_hal_uart.o
    0x08004de0   0x08004de0   0x00000002   Code   RO          251    i.UsageFault_Handler  stm32h7xx_it.o
    0x08004de2   0x08004de2   0x00000002   PAD
    0x08004de4   0x08004de4   0x0000016c   Code   RO           21    i.WIFI_INT          main.o
    0x08004f50   0x08004f50   0x00000030   Code   RO         4171    i.__ARM_fpclassify  m_wv.l(fpclassify.o)
    0x08004f80   0x08004f80   0x00000022   Code   RO          410    i.__NVIC_SetPriority  stm32h7xx_hal_cortex.o
    0x08004fa2   0x08004fa2   0x00000006   PAD
    0x08004fa8   0x08004fa8   0x00000218   Code   RO         4005    i.__hardfp_acos     m_wv.l(acos.o)
    0x080051c0   0x080051c0   0x00000200   Code   RO         4019    i.__hardfp_atan     m_wv.l(atan.o)
    0x080053c0   0x080053c0   0x000008f8   Code   RO         4033    i.__hardfp_pow      m_wv.l(pow.o)
    0x08005cb8   0x08005cb8   0x00000070   Code   RO         4173    i.__kernel_poly     m_wv.l(poly.o)
    0x08005d28   0x08005d28   0x00000020   Code   RO         4151    i.__mathlib_dbl_divzero  m_wv.l(dunder.o)
    0x08005d48   0x08005d48   0x00000006   Code   RO         4152    i.__mathlib_dbl_infnan  m_wv.l(dunder.o)
    0x08005d4e   0x08005d4e   0x00000006   Code   RO         4153    i.__mathlib_dbl_infnan2  m_wv.l(dunder.o)
    0x08005d54   0x08005d54   0x00000004   PAD
    0x08005d58   0x08005d58   0x00000018   Code   RO         4154    i.__mathlib_dbl_invalid  m_wv.l(dunder.o)
    0x08005d70   0x08005d70   0x00000018   Code   RO         4155    i.__mathlib_dbl_overflow  m_wv.l(dunder.o)
    0x08005d88   0x08005d88   0x00000018   Code   RO         4157    i.__mathlib_dbl_underflow  m_wv.l(dunder.o)
    0x08005da0   0x08005da0   0x0000000e   Code   RO         3977    i._is_digit         c_w.l(__printf_wp.o)
    0x08005dae   0x08005dae   0x00000018   Code   RO         4167    i.fabs              m_wv.l(fabs.o)
    0x08005dc6   0x08005dc6   0x00000002   PAD
    0x08005dc8   0x08005dc8   0x00000030   Code   RO           22    i.get_message       main.o
    0x08005df8   0x08005df8   0x00000094   Code   RO           23    i.get_xy            main.o
    0x08005e8c   0x08005e8c   0x000006a8   Code   RO           24    i.main              main.o
    0x08006534   0x08006534   0x00000018   Code   RO           25    i.send_message      main.o
    0x0800654c   0x0800654c   0x0000006a   Code   RO         4178    i.sqrt              m_wv.l(sqrt.o)
    0x080065b6   0x080065b6   0x00000002   PAD
    0x080065b8   0x080065b8   0x00000184   Code   RO           26    i.theta_to_char     main.o
    0x0800673c   0x0800673c   0x0000002c   Code   RO         4254    locale$$code        c_w.l(lc_ctype_c.o)
    0x08006768   0x08006768   0x00000010   Code   RO         4233    x$fpl$dcheck1       fz_wv.l(dcheck1.o)
    0x08006778   0x08006778   0x0000000a   Code   RO         4235    x$fpl$fpinit        fz_wv.l(fpinit.o)
    0x08006782   0x08006782   0x00000064   Code   RO         4276    x$fpl$retnan        fz_wv.l(retnan.o)
    0x080067e6   0x080067e6   0x0000005c   Code   RO         4148    x$fpl$scalbn        fz_wv.l(scalbn.o)
    0x08006842   0x08006842   0x00000030   Code   RO         4310    x$fpl$trapveneer    fz_wv.l(trapv.o)
    0x08006872   0x08006872   0x00000000   Code   RO         4150    x$fpl$usenofp       fz_wv.l(usenofp.o)
    0x08006872   0x08006872   0x00000018   Data   RO         3384    .constdata          stm32h7xx_hal_uart.o
    0x0800688a   0x0800688a   0x00000010   Data   RO         3750    .constdata          stm32h7xx_hal_uart_ex.o
    0x0800689a   0x0800689a   0x00000010   Data   RO         3855    .constdata          system_stm32h7xx.o
    0x080068aa   0x080068aa   0x00000006   PAD
    0x080068b0   0x080068b0   0x00000050   Data   RO         4008    .constdata          m_wv.l(acos.o)
    0x08006900   0x08006900   0x00000098   Data   RO         4022    .constdata          m_wv.l(atan.o)
    0x08006998   0x08006998   0x00000088   Data   RO         4036    .constdata          m_wv.l(pow.o)
    0x08006a20   0x08006a20   0x00000008   Data   RO         4175    .constdata          m_wv.l(qnan.o)
    0x08006a28   0x08006a28   0x0000016b   Data   RO           30    .conststring        main.o
    0x08006b93   0x08006b93   0x00000001   PAD
    0x08006b94   0x08006b94   0x00000020   Data   RO         4340    Region$$Table       anon$$obj.o
    0x08006bb4   0x08006bb4   0x00000110   Data   RO         4253    locale$$data        c_w.l(lc_ctype_c.o)


    Execution Region RW_IRAM1 (Exec base: 0x20000000, Load base: 0x08006cc4, Size: 0x00000000, Max: 0x00020000, ABSOLUTE)

    **** No section assigned to this execution region ****


    Execution Region RW_IRAM2 (Exec base: 0x24000000, Load base: 0x08006cc4, Size: 0x00000908, Max: 0x00080000, ABSOLUTE)

    Exec Addr    Load Addr    Size         Type   Attr      Idx    E Section Name        Object

    0x24000000   0x08006cc4   0x00000006   Data   RW           31    .data               main.o
    0x24000006   0x08006cca   0x00000002   PAD
    0x24000008   0x08006ccc   0x0000000c   Data   RW         2417    .data               stm32h7xx_hal.o
    0x24000014   0x08006cd8   0x00000008   Data   RW         3856    .data               system_stm32h7xx.o
    0x2400001c        -       0x0000028c   Zero   RW           29    .bss                main.o
    0x240002a8        -       0x00000060   Zero   RW         4191    .bss                c_w.l(libspace.o)
    0x24000308        -       0x00000200   Zero   RW            2    HEAP                startup_stm32h753xx.o
    0x24000508        -       0x00000400   Zero   RW            1    STACK               startup_stm32h753xx.o



  Load Region LR$$.ARM.__AT_0x30040000 (Base: 0x30040000, Size: 0x00000000, Max: 0x00000060, ABSOLUTE)

    Execution Region ER$$.ARM.__AT_0x30040000 (Exec base: 0x30040000, Load base: 0x30040000, Size: 0x00000060, Max: 0x00000060, ABSOLUTE, UNINIT)

    Exec Addr    Load Addr    Size         Type   Attr      Idx    E Section Name        Object

    0x30040000        -       0x00000060   Zero   RW           27    .ARM.__AT_0x30040000  main.o



  Load Region LR$$.ARM.__AT_0x30040060 (Base: 0x30040060, Size: 0x00000000, Max: 0x00000060, ABSOLUTE)

    Execution Region ER$$.ARM.__AT_0x30040060 (Exec base: 0x30040060, Load base: 0x30040060, Size: 0x00000060, Max: 0x00000060, ABSOLUTE, UNINIT)

    Exec Addr    Load Addr    Size         Type   Attr      Idx    E Section Name        Object

    0x30040060        -       0x00000060   Zero   RW           28    .ARM.__AT_0x30040060  main.o


==============================================================================

Image component sizes


      Code (inc. data)   RO Data    RW Data    ZI Data      Debug   Object Name

      4172        884        363          6        844    1282603   main.o
        64         26        664          0       1536        824   startup_stm32h753xx.o
       252         50          0         12          0      23728   stm32h7xx_hal.o
       198         12          0          0          0      39495   stm32h7xx_hal_cortex.o
       650         42          0          0          0       3210   stm32h7xx_hal_dma.o
      1384         62          0          0          0       6083   stm32h7xx_hal_eth.o
       566         50          0          0          0       2136   stm32h7xx_hal_gpio.o
      2038         68          0          0          0      16047   stm32h7xx_hal_i2c.o
       172          0          0          0          0       1907   stm32h7xx_hal_i2c_ex.o
       704         62          0          0          0       3389   stm32h7xx_hal_msp.o
        84          6          0          0          0        769   stm32h7xx_hal_pwr_ex.o
      2466        102          0          0          0       6920   stm32h7xx_hal_rcc.o
      3736        118          0          0          0       7633   stm32h7xx_hal_rcc_ex.o
      2056        112         24          0          0      27873   stm32h7xx_hal_uart.o
       284          6         16          0          0       3609   stm32h7xx_hal_uart_ex.o
        44         12          0          0          0       4896   stm32h7xx_it.o
       220         40         16          8          0       1322   system_stm32h7xx.o

    ----------------------------------------------------------------------
     19126       1652       1122         28       2380    1432444   Object Totals
         0          0         32          0          0          0   (incl. Generated)
        36          0          7          2          0          0   (incl. Padding)

    ----------------------------------------------------------------------

      Code (inc. data)   RO Data    RW Data    ZI Data      Debug   Library Member Name

         8          0          0          0          0         68   __main.o
       284          0          0          0          0        156   __printf_wp.o
         0          0          0          0          0          0   __rtentry.o
        12          0          0          0          0          0   __rtentry2.o
         6          0          0          0          0          0   __rtentry4.o
        52          8          0          0          0          0   __scatter.o
        26          0          0          0          0          0   __scatter_copy.o
        28          0          0          0          0          0   __scatter_zi.o
        28          0          0          0          0         68   _chval.o
         6          0          0          0          0          0   _printf_c.o
        44          0          0          0          0        108   _printf_char.o
        48          6          0          0          0         96   _printf_char_common.o
         6          0          0          0          0          0   _printf_d.o
       120         16          0          0          0         92   _printf_dec.o
       178          0          0          0          0         88   _printf_intcommon.o
         0          0          0          0          0          0   _printf_percent.o
         4          0          0          0          0          0   _printf_percent_end.o
         6          0          0          0          0          0   _printf_s.o
        82          0          0          0          0         80   _printf_str.o
        22          0          0          0          0        100   _rserrno.o
        16          0          0          0          0         68   _snputc.o
        10          0          0          0          0         68   _sputc.o
       158          0          0          0          0         92   _strtoul.o
        26          0          0          0          0         80   atoi.o
        10          0          0          0          0         68   defsig_exit.o
        50          0          0          0          0         88   defsig_general.o
        80         58          0          0          0         76   defsig_rtmem_inner.o
        14          0          0          0          0         80   defsig_rtmem_outer.o
        18          0          0          0          0         80   exit.o
        94          0          0          0          0         80   h1_alloc.o
        52          0          0          0          0         68   h1_extend.o
        78          0          0          0          0         80   h1_free.o
        14          0          0          0          0         84   h1_init.o
         6          0          0          0          0        152   heapauxi.o
         4          0          0          0          0        136   hguard.o
         0          0          0          0          0          0   indicate_semi.o
       138          0          0          0          0        168   init_alloc.o
        44         10        272          0          0         76   lc_ctype_c.o
         2          0          0          0          0          0   libinit.o
        32          0          0          0          0          0   libinit2.o
         2          0          0          0          0          0   libshutdown.o
         2          0          0          0          0          0   libshutdown2.o
         8          4          0          0         96         68   libspace.o
       238          0          0          0          0        100   lludivv7m.o
         0          0          0          0          0          0   maybetermalloc1.o
        52          4          0          0          0         84   noretval__2snprintf.o
        40          6          0          0          0         84   noretval__2sprintf.o
        16          4          0          0          0         76   rt_ctype_table.o
         8          4          0          0          0         68   rt_errno_addr_intlibspace.o
         8          4          0          0          0         68   rt_heap_descriptor_intlibspace.o
         8          4          0          0          0         68   rt_locale_intlibspace.o
        68          0          0          0          0         68   rt_memclr.o
        78          0          0          0          0         80   rt_memclr_w.o
       100          0          0          0          0         80   rt_memcpy_w.o
         2          0          0          0          0          0   rtexit.o
        10          0          0          0          0          0   rtexit2.o
       104          0          0          0          0         68   strcmpv7m_pel.o
        62          0          0          0          0         76   strlen.o
        86          0          0          0          0         76   strncpy.o
       112          0          0          0          0         88   strtol.o
        12          4          0          0          0         68   sys_exit.o
        74          0          0          0          0         80   sys_stackheap_outer.o
        14          0          0          0          0         76   sys_wrch.o
         2          0          0          0          0         68   use_no_semi.o
        16          4          0          0          0        116   dcheck1.o
        10          0          0          0          0        116   fpinit.o
       100          0          0          0          0        116   retnan.o
        92          0          0          0          0        116   scalbn.o
        48          0          0          0          0        116   trapv.o
         0          0          0          0          0          0   usenofp.o
       536        114         80          0          0        256   acos.o
       512        110        152          0          0        224   atan.o
       116         60          0          0          0        696   dunder.o
        24          0          0          0          0        124   fabs.o
        48          0          0          0          0        124   fpclassify.o
       112          0          0          0          0        116   poly.o
      2296        304        136          0          0        320   pow.o
         0          0          8          0          0          0   qnan.o
       106          0          0          0          0        140   sqrt.o

    ----------------------------------------------------------------------
      6948        724        648          0         96       6424   Library Totals
        20          0          0          0          0          0   (incl. Padding)

    ----------------------------------------------------------------------

      Code (inc. data)   RO Data    RW Data    ZI Data      Debug   Library Name

      2912        132        272          0         96       3844   c_w.l
       266          4          0          0          0        580   fz_wv.l
      3750        588        376          0          0       2000   m_wv.l

    ----------------------------------------------------------------------
      6948        724        648          0         96       6424   Library Totals

    ----------------------------------------------------------------------

==============================================================================


      Code (inc. data)   RO Data    RW Data    ZI Data      Debug   

     26074       2376       1770         28       2476    1426132   Grand Totals
     26074       2376       1770         28       2476    1426132   ELF Image Totals
     26074       2376       1770         28          0          0   ROM Totals

==============================================================================

    Total RO  Size (Code + RO Data)                27844 (  27.19kB)
    Total RW  Size (RW Data + ZI Data)              2504 (   2.45kB)
    Total ROM Size (Code + RO Data + RW Data)      27872 (  27.22kB)

==============================================================================

